../Core/Src/main.c:64:5:main	8	static
../Core/Src/main.c:83:6:SystemClock_Config	96	static
../Core/Src/main.c:114:13:MX_SPI1_Init	8	static
../Core/Src/main.c:133:13:MX_USART2_UART_Init	8	static
../Core/Src/main.c:149:13:MX_DMA_Init	16	static
../Core/Src/main.c:157:13:MX_GPIO_Init	48	static
../Core/Src/main.c:184:13:MX_TIM2_Init	40	static
../Core/Src/main.c:206:13:MX_TIM3_Init	40	static
../Core/Src/main.c:229:6:HAL_GPIO_EXTI_Callback	16	static
../Core/Src/main.c:238:6:HAL_SPI_RxCpltCallback	96	static,ignoring_inline_asm
../Core/Src/main.c:251:6:HAL_SPI_ErrorCallback	16	static
../Core/Src/main.c:258:6:Error_Handler	4	static,ignoring_inline_asm
