../Core/Src/main.c:80:5:main	48	static
../Core/Src/main.c:162:6:SystemClock_Config	96	static
../Core/Src/main.c:212:13:MX_SPI3_Init	8	static
../Core/Src/main.c:251:13:MX_TIM1_Init	112	static
../Core/Src/main.c:335:13:MX_TIM2_Init	48	static
../Core/Src/main.c:384:13:MX_TIM3_Init	48	static
../Core/Src/main.c:431:13:MX_DMA_Init	16	static
../Core/Src/main.c:452:13:MX_GPIO_Init	48	static
../Core/Src/main.c:505:6:StartDefaultTask	16	static
../Core/Src/main.c:520:6:Error_Handler	4	static,ignoring_inline_asm
