Archive member included to satisfy reference by file (symbol)

E:/STM32IDE/STM32CubeIDE_1.18.1/STM32CubeIDE/plugins/com.st.stm32cube.ide.mcu.externaltools.gnu-tools-for-stm32.13.3.rel1.win32_1.0.0.202411081344/tools/bin/../lib/gcc/arm-none-eabi/13.3.1/../../../../arm-none-eabi/lib/thumb/v7e-m+fp/hard\libc_nano.a(libc_a-exit.o)
                              E:/STM32IDE/STM32CubeIDE_1.18.1/STM32CubeIDE/plugins/com.st.stm32cube.ide.mcu.externaltools.gnu-tools-for-stm32.13.3.rel1.win32_1.0.0.202411081344/tools/bin/../lib/gcc/arm-none-eabi/13.3.1/../../../../arm-none-eabi/lib/thumb/v7e-m+fp/hard/crt0.o (exit)
E:/STM32IDE/STM32CubeIDE_1.18.1/STM32CubeIDE/plugins/com.st.stm32cube.ide.mcu.externaltools.gnu-tools-for-stm32.13.3.rel1.win32_1.0.0.202411081344/tools/bin/../lib/gcc/arm-none-eabi/13.3.1/../../../../arm-none-eabi/lib/thumb/v7e-m+fp/hard\libc_nano.a(libc_a-findfp.o)
                              E:/STM32IDE/STM32CubeIDE_1.18.1/STM32CubeIDE/plugins/com.st.stm32cube.ide.mcu.externaltools.gnu-tools-for-stm32.13.3.rel1.win32_1.0.0.202411081344/tools/bin/../lib/gcc/arm-none-eabi/13.3.1/../../../../arm-none-eabi/lib/thumb/v7e-m+fp/hard\libc_nano.a(libc_a-exit.o) (__stdio_exit_handler)
E:/STM32IDE/STM32CubeIDE_1.18.1/STM32CubeIDE/plugins/com.st.stm32cube.ide.mcu.externaltools.gnu-tools-for-stm32.13.3.rel1.win32_1.0.0.202411081344/tools/bin/../lib/gcc/arm-none-eabi/13.3.1/../../../../arm-none-eabi/lib/thumb/v7e-m+fp/hard\libc_nano.a(libc_a-fwalk.o)
                              E:/STM32IDE/STM32CubeIDE_1.18.1/STM32CubeIDE/plugins/com.st.stm32cube.ide.mcu.externaltools.gnu-tools-for-stm32.13.3.rel1.win32_1.0.0.202411081344/tools/bin/../lib/gcc/arm-none-eabi/13.3.1/../../../../arm-none-eabi/lib/thumb/v7e-m+fp/hard\libc_nano.a(libc_a-findfp.o) (_fwalk_sglue)
E:/STM32IDE/STM32CubeIDE_1.18.1/STM32CubeIDE/plugins/com.st.stm32cube.ide.mcu.externaltools.gnu-tools-for-stm32.13.3.rel1.win32_1.0.0.202411081344/tools/bin/../lib/gcc/arm-none-eabi/13.3.1/../../../../arm-none-eabi/lib/thumb/v7e-m+fp/hard\libc_nano.a(libc_a-stdio.o)
                              E:/STM32IDE/STM32CubeIDE_1.18.1/STM32CubeIDE/plugins/com.st.stm32cube.ide.mcu.externaltools.gnu-tools-for-stm32.13.3.rel1.win32_1.0.0.202411081344/tools/bin/../lib/gcc/arm-none-eabi/13.3.1/../../../../arm-none-eabi/lib/thumb/v7e-m+fp/hard\libc_nano.a(libc_a-findfp.o) (__sread)
E:/STM32IDE/STM32CubeIDE_1.18.1/STM32CubeIDE/plugins/com.st.stm32cube.ide.mcu.externaltools.gnu-tools-for-stm32.13.3.rel1.win32_1.0.0.202411081344/tools/bin/../lib/gcc/arm-none-eabi/13.3.1/../../../../arm-none-eabi/lib/thumb/v7e-m+fp/hard\libc_nano.a(libc_a-memset.o)
                              E:/STM32IDE/STM32CubeIDE_1.18.1/STM32CubeIDE/plugins/com.st.stm32cube.ide.mcu.externaltools.gnu-tools-for-stm32.13.3.rel1.win32_1.0.0.202411081344/tools/bin/../lib/gcc/arm-none-eabi/13.3.1/../../../../arm-none-eabi/lib/thumb/v7e-m+fp/hard/crt0.o (memset)
E:/STM32IDE/STM32CubeIDE_1.18.1/STM32CubeIDE/plugins/com.st.stm32cube.ide.mcu.externaltools.gnu-tools-for-stm32.13.3.rel1.win32_1.0.0.202411081344/tools/bin/../lib/gcc/arm-none-eabi/13.3.1/../../../../arm-none-eabi/lib/thumb/v7e-m+fp/hard\libc_nano.a(libc_a-closer.o)
                              E:/STM32IDE/STM32CubeIDE_1.18.1/STM32CubeIDE/plugins/com.st.stm32cube.ide.mcu.externaltools.gnu-tools-for-stm32.13.3.rel1.win32_1.0.0.202411081344/tools/bin/../lib/gcc/arm-none-eabi/13.3.1/../../../../arm-none-eabi/lib/thumb/v7e-m+fp/hard\libc_nano.a(libc_a-stdio.o) (_close_r)
E:/STM32IDE/STM32CubeIDE_1.18.1/STM32CubeIDE/plugins/com.st.stm32cube.ide.mcu.externaltools.gnu-tools-for-stm32.13.3.rel1.win32_1.0.0.202411081344/tools/bin/../lib/gcc/arm-none-eabi/13.3.1/../../../../arm-none-eabi/lib/thumb/v7e-m+fp/hard\libc_nano.a(libc_a-reent.o)
                              E:/STM32IDE/STM32CubeIDE_1.18.1/STM32CubeIDE/plugins/com.st.stm32cube.ide.mcu.externaltools.gnu-tools-for-stm32.13.3.rel1.win32_1.0.0.202411081344/tools/bin/../lib/gcc/arm-none-eabi/13.3.1/../../../../arm-none-eabi/lib/thumb/v7e-m+fp/hard\libc_nano.a(libc_a-closer.o) (errno)
E:/STM32IDE/STM32CubeIDE_1.18.1/STM32CubeIDE/plugins/com.st.stm32cube.ide.mcu.externaltools.gnu-tools-for-stm32.13.3.rel1.win32_1.0.0.202411081344/tools/bin/../lib/gcc/arm-none-eabi/13.3.1/../../../../arm-none-eabi/lib/thumb/v7e-m+fp/hard\libc_nano.a(libc_a-impure.o)
                              E:/STM32IDE/STM32CubeIDE_1.18.1/STM32CubeIDE/plugins/com.st.stm32cube.ide.mcu.externaltools.gnu-tools-for-stm32.13.3.rel1.win32_1.0.0.202411081344/tools/bin/../lib/gcc/arm-none-eabi/13.3.1/../../../../arm-none-eabi/lib/thumb/v7e-m+fp/hard\libc_nano.a(libc_a-reent.o) (_impure_ptr)
E:/STM32IDE/STM32CubeIDE_1.18.1/STM32CubeIDE/plugins/com.st.stm32cube.ide.mcu.externaltools.gnu-tools-for-stm32.13.3.rel1.win32_1.0.0.202411081344/tools/bin/../lib/gcc/arm-none-eabi/13.3.1/../../../../arm-none-eabi/lib/thumb/v7e-m+fp/hard\libc_nano.a(libc_a-lseekr.o)
[...]
Memory Configuration

Name             Origin             Length             Attributes
RAM              0x20000000         0x00018000         xrw
RAM2             0x10000000         0x00008000         xrw
FLASH            0x08000000         0x00100000         xr
*default*        0x00000000         0xffffffff

Linker script and memory map

LOAD E:/STM32IDE/STM32CubeIDE_1.18.1/STM32CubeIDE/plugins/com.st.stm32cube.ide.mcu.externaltools.gnu-tools-for-stm32.13.3.rel1.win32_1.0.0.202411081344/tools/bin/../lib/gcc/arm-none-eabi/13.3.1/thumb/v7e-m+fp/hard/crti.o
LOAD E:/STM32IDE/STM32CubeIDE_1.18.1/STM32CubeIDE/plugins/com.st.stm32cube.ide.mcu.externaltools.gnu-tools-for-stm32.13.3.rel1.win32_1.0.0.202411081344/tools/bin/../lib/gcc/arm-none-eabi/13.3.1/thumb/v7e-m+fp/hard/crtbegin.o
LOAD E:/STM32IDE/STM32CubeIDE_1.18.1/STM32CubeIDE/plugins/com.st.stm32cube.ide.mcu.externaltools.gnu-tools-for-stm32.13.3.rel1.win32_1.0.0.202411081344/tools/bin/../lib/gcc/arm-none-eabi/13.3.1/../../../../arm-none-eabi/lib/thumb/v7e-m+fp/hard/crt0.o
LOAD ./Core/Src/freertos.o
LOAD ./Core/Src/main.o
LOAD ./Core/Src/stm32l4xx_hal_msp.o
LOAD ./Core/Src/stm32l4xx_it.o
LOAD ./Core/Src/syscalls.o
LOAD ./Core/Src/sysmem.o
LOAD ./Core/Src/system_stm32l4xx.o
LOAD ./Core/Startup/startup_stm32l476rgtx.o
LOAD ./Drivers/ENSI/Src/ensi_uart.o
LOAD ./Drivers/STM32L4xx_HAL_Driver/Src/stm32l4xx_hal.o
LOAD ./Drivers/STM32L4xx_HAL_Driver/Src/stm32l4xx_hal_cortex.o
LOAD ./Drivers/STM32L4xx_HAL_Driver/Src/stm32l4xx_hal_dma.o
LOAD ./Drivers/STM32L4xx_HAL_Driver/Src/stm32l4xx_hal_dma_ex.o
LOAD ./Drivers/STM32L4xx_HAL_Driver/Src/stm32l4xx_hal_exti.o
LOAD ./Drivers/STM32L4xx_HAL_Driver/Src/stm32l4xx_hal_flash.o
LOAD ./Drivers/STM32L4xx_HAL_Driver/Src/stm32l4xx_hal_flash_ex.o
LOAD ./Drivers/STM32L4xx_HAL_Driver/Src/stm32l4xx_hal_flash_ramfunc.o
LOAD ./Drivers/STM32L4xx_HAL_Driver/Src/stm32l4xx_hal_gpio.o
LOAD ./Drivers/STM32L4xx_HAL_Driver/Src/stm32l4xx_hal_i2c.o
LOAD ./Drivers/STM32L4xx_HAL_Driver/Src/stm32l4xx_hal_i2c_ex.o
LOAD ./Drivers/STM32L4xx_HAL_Driver/Src/stm32l4xx_hal_pwr.o
LOAD ./Drivers/STM32L4xx_HAL_Driver/Src/stm32l4xx_hal_pwr_ex.o
LOAD ./Drivers/STM32L4xx_HAL_Driver/Src/stm32l4xx_hal_rcc.o
LOAD ./Drivers/STM32L4xx_HAL_Driver/Src/stm32l4xx_hal_rcc_ex.o
LOAD ./Drivers/STM32L4xx_HAL_Driver/Src/stm32l4xx_hal_spi.o
LOAD ./Drivers/STM32L4xx_HAL_Driver/Src/stm32l4xx_hal_spi_ex.o
LOAD ./Drivers/STM32L4xx_HAL_Driver/Src/stm32l4xx_hal_tim.o
LOAD ./Drivers/STM32L4xx_HAL_Driver/Src/stm32l4xx_hal_tim_ex.o
LOAD ./Middlewares/Third_Party/FreeRTOS/Source/CMSIS_RTOS/cmsis_os.o
LOAD ./Middlewares/Third_Party/FreeRTOS/Source/croutine.o
LOAD ./Middlewares/Third_Party/FreeRTOS/Source/event_groups.o
LOAD ./Middlewares/Third_Party/FreeRTOS/Source/list.o
LOAD ./Middlewares/Third_Party/FreeRTOS/Source/queue.o
LOAD ./Middlewares/Third_Party/FreeRTOS/Source/stream_buffer.o
LOAD ./Middlewares/Third_Party/FreeRTOS/Source/tasks.o
LOAD ./Middlewares/Third_Party/FreeRTOS/Source/timers.o
LOAD ./Middlewares/Third_Party/FreeRTOS/Source/portable/GCC/ARM_CM4F/port.o
LOAD ./Middlewares/Third_Party/FreeRTOS/Source/portable/MemMang/heap_4.o
START GROUP
LOAD E:/STM32IDE/STM32CubeIDE_1.18.1/STM32CubeIDE/plugins/com.st.stm32cube.ide.mcu.externaltools.gnu-tools-for-stm32.13.3.rel1.win32_1.0.0.202411081344/tools/bin/../lib/gcc/arm-none-eabi/13.3.1/../../../../arm-none-eabi/lib/thumb/v7e-m+fp/hard\libc_nano.a
LOAD E:/STM32IDE/STM32CubeIDE_1.18.1/STM32CubeIDE/plugins/com.st.stm32cube.ide.mcu.externaltools.gnu-tools-for-stm32.13.3.rel1.win32_1.0.0.202411081344/tools/bin/../lib/gcc/arm-none-eabi/13.3.1/../../../../arm-none-eabi/lib/thumb/v7e-m+fp/hard\libm.a
END GROUP
START GROUP
LOAD E:/STM32IDE/STM32CubeIDE_1.18.1/STM32CubeIDE/plugins/com.st.stm32cube.ide.mcu.externaltools.gnu-tools-for-stm32.13.3.rel1.win32_1.0.0.202411081344/tools/bin/../lib/gcc/arm-none-eabi/13.3.1/thumb/v7e-m+fp/hard\libgcc.a
LOAD E:/STM32IDE/STM32CubeIDE_1.18.1/STM32CubeIDE/plugins/com.st.stm32cube.ide.mcu.externaltools.gnu-tools-for-stm32.13.3.rel1.win32_1.0.0.202411081344/tools/bin/../lib/gcc/arm-none-eabi/13.3.1/../../../../arm-none-eabi/lib/thumb/v7e-m+fp/hard\libc_nano.a
END GROUP
START GROUP
LOAD E:/STM32IDE/STM32CubeIDE_1.18.1/STM32CubeIDE/plugins/com.st.stm32cube.ide.mcu.externaltools.gnu-tools-for-stm32.13.3.rel1.win32_1.0.0.202411081344/tools/bin/../lib/gcc/arm-none-eabi/13.3.1/thumb/v7e-m+fp/hard\libgcc.a
LOAD E:/STM32IDE/STM32CubeIDE_1.18.1/STM32CubeIDE/plugins/com.st.stm32cube.ide.mcu.externaltools.gnu-tools-for-stm32.13.3.rel1.win32_1.0.0.202411081344/tools/bin/../lib/gcc/arm-none-eabi/13.3.1/../../../../arm-none-eabi/lib/thumb/v7e-m+fp/hard\libc_nano.a
LOAD E:/STM32IDE/STM32CubeIDE_1.18.1/STM32CubeIDE/plugins/com.st.stm32cube.ide.mcu.externaltools.gnu-tools-for-stm32.13.3.rel1.win32_1.0.0.202411081344/tools/bin/../lib/gcc/arm-none-eabi/13.3.1/../../../../arm-none-eabi/lib/thumb/v7e-m+fp/hard\libnosys.a
END GROUP
START GROUP
LOAD E:/STM32IDE/STM32CubeIDE_1.18.1/STM32CubeIDE/plugins/com.st.stm32cube.ide.mcu.externaltools.gnu-tools-for-stm32.13.3.rel1.win32_1.0.0.202411081344/tools/bin/../lib/gcc/arm-none-eabi/13.3.1/thumb/v7e-m+fp/hard\libgcc.a
LOAD E:/STM32IDE/STM32CubeIDE_1.18.1/STM32CubeIDE/plugins/com.st.stm32cube.ide.mcu.externaltools.gnu-tools-for-stm32.13.3.rel1.win32_1.0.0.202411081344/tools/bin/../lib/gcc/arm-none-eabi/13.3.1/../../../../arm-none-eabi/lib/thumb/v7e-m+fp/hard\libc_nano.a
LOAD E:/STM32IDE/STM32CubeIDE_1.18.1/STM32CubeIDE/plugins/com.st.stm32cube.ide.mcu.externaltools.gnu-tools-for-stm32.13.3.rel1.win32_1.0.0.202411081344/tools/bin/../lib/gcc/arm-none-eabi/13.3.1/../../../../arm-none-eabi/lib/thumb/v7e-m+fp/hard\libnosys.a
END GROUP
LOAD E:/STM32IDE/STM32CubeIDE_1.18.1/STM32CubeIDE/plugins/com.st.stm32cube.ide.mcu.externaltools.gnu-tools-for-stm32.13.3.rel1.win32_1.0.0.202411081344/tools/bin/../lib/gcc/arm-none-eabi/13.3.1/thumb/v7e-m+fp/hard/crtend.o
LOAD E:/STM32IDE/STM32CubeIDE_1.18.1/STM32CubeIDE/plugins/com.st.stm32cube.ide.mcu.externaltools.gnu-tools-for-stm32.13.3.rel1.win32_1.0.0.202411081344/tools/bin/../lib/gcc/arm-none-eabi/13.3.1/thumb/v7e-m+fp/hard/crtn.o
                0x20018000                        _estack = (ORIGIN (RAM) + LENGTH (RAM))
                0x00000200                        _Min_Heap_Size = 0x200
                0x00000400                        _Min_Stack_Size = 0x400

.isr_vector     0x08000000      0x188
                0x08000000                        . = ALIGN (0x4)
 *(.isr_vector)
 .isr_vector    0x08000000      0x188 ./Core/Startup/startup_stm32l476rgtx.o
                0x08000000                g_pfnVectors
                0x08000188                        . = ALIGN (0x4)

.text           0x08000190     0x5a64
                0x08000190                        . = ALIGN (0x4)
 *(.text)
 .text          0x08000190       0x40 E:/STM32IDE/STM32CubeIDE_1.18.1/STM32CubeIDE/plugins/com.st.stm32cube.ide.mcu.externaltools.gnu-tools-for-stm32.13.3.rel1.win32_1.0.0.202411081344/tools/bin/../lib/gcc/arm-none-eabi/13.3.1/thumb/v7e-m+fp/hard/crtbegin.o
 .text          0x080001d0       0x30 E:/STM32IDE/STM32CubeIDE_1.18.1/STM32CubeIDE/plugins/com.st.stm32cube.ide.mcu.externaltools.gnu-tools-for-stm32.13.3.rel1.win32_1.0.0.202411081344/tools/bin/../lib/gcc/arm-none-eabi/13.3.1/thumb/v7e-m+fp/hard\libgcc.a(_aeabi_uldivmod.o)
                0x080001d0                __aeabi_uldivmod
 .text          0x08000200      0x2f8 E:/STM32IDE/STM32CubeIDE_1.18.1/STM32CubeIDE/plugins/com.st.stm32cube.ide.mcu.externaltools.gnu-tools-for-stm32.13.3.rel1.win32_1.0.0.202411081344/tools/bin/../lib/gcc/arm-none-eabi/13.3.1/thumb/v7e-m+fp/hard\libgcc.a(_udivmoddi4.o)
                0x08000200                __udivmoddi4
 .text          0x080004f8        0x4 E:/STM32IDE/STM32CubeIDE_1.18.1/STM32CubeIDE/plugins/com.st.stm32cube.ide.mcu.externaltools.gnu-tools-for-stm32.13.3.rel1.win32_1.0.0.202411081344/tools/bin/../lib/gcc/arm-none-eabi/13.3.1/thumb/v7e-m+fp/hard\libgcc.a(_dvmd_tls.o)
                0x080004f8                __aeabi_idiv0
                0x080004f8                __aeabi_ldiv0
 *(.text*)
 .text.byte_to_pwm
                0x080004fc       0x52 ./Core/Src/freertos.o
 *fill*         0x0800054e        0x2 
 .text.np_set_pixel
                0x08000550       0x68 ./Core/Src/freertos.o
                0x08000550                np_set_pixel
 .text.np_clear
                0x080005b8       0x18 ./Core/Src/freertos.o
                0x080005b8                np_clear
 .text.np_show  0x080005d0       0xe0 ./Core/Src/freertos.o
                0x080005d0                np_show
 .text.np_set_pixel_circle
                0x080006b0       0x64 ./Core/Src/freertos.o
                0x080006b0                np_set_pixel_circle
 .text.np_set_all_leds_circle
                0x08000714       0x4e ./Core/Src/freertos.o
                0x08000714                np_set_all_leds_circle
 *fill*         0x08000762        0x2 
 .text.np_clear_circle
                0x08000764       0x18 ./Core/Src/freertos.o
                0x08000764                np_clear_circle
 .text.np_show_circle
                0x0800077c       0xe8 ./Core/Src/freertos.o
                0x0800077c                np_show_circle
 .text.vApplicationGetIdleTaskMemory
                0x08000864       0x34 ./Core/Src/freertos.o
                0x08000864                vApplicationGetIdleTaskMemory
 .text.app_init
                0x08000898       0x44 ./Core/Src/freertos.o
                0x08000898                app_init
 .text.LED_ON   0x080008dc       0xa6 ./Core/Src/freertos.o
                0x080008dc                LED_ON
 .text.CircleLED_ON
                0x08000982       0x40 ./Core/Src/freertos.o
                0x08000982                CircleLED_ON
 *fill*         0x080009c2        0x2 
 .text.main     0x080009c4       0x64 ./Core/Src/main.o
                0x080009c4                main
 .text.SystemClock_Config
                0x08000a28       0xa2 ./Core/Src/main.o
                0x08000a28                SystemClock_Config
 *fill*         0x08000aca        0x2 
 .text.MX_SPI3_Init
                0x08000acc       0x74 ./Core/Src/main.o
 .text.MX_TIM1_Init
                0x08000b40      0x170 ./Core/Src/main.o
 .text.MX_DMA_Init
                0x08000cb0       0x4c ./Core/Src/main.o
 .text.MX_GPIO_Init
                0x08000cfc      0x114 ./Core/Src/main.o
 .text.StartDefaultTask
                0x08000e10       0x10 ./Core/Src/main.o
                0x08000e10                StartDefaultTask
 .text.Error_Handler
                0x08000e20        0xc ./Core/Src/main.o
                0x08000e20                Error_Handler
 .text.HAL_MspInit
                0x08000e2c       0x50 ./Core/Src/stm32l4xx_hal_msp.o
                0x08000e2c                HAL_MspInit
 .text.HAL_SPI_MspInit
                0x08000e7c       0x88 ./Core/Src/stm32l4xx_hal_msp.o
                0x08000e7c                HAL_SPI_MspInit
 .text.HAL_TIM_Base_MspInit
                0x08000f04       0xfc ./Core/Src/stm32l4xx_hal_msp.o
                0x08000f04                HAL_TIM_Base_MspInit
 .text.HAL_TIM_MspPostInit
                0x08001000       0x70 ./Core/Src/stm32l4xx_hal_msp.o
                0x08001000                HAL_TIM_MspPostInit
 .text.NMI_Handler
                0x08001070        0x8 ./Core/Src/stm32l4xx_it.o
                0x08001070                NMI_Handler
 .text.HardFault_Handler
                0x08001078        0x8 ./Core/Src/stm32l4xx_it.o
                0x08001078                HardFault_Handler
 .text.MemManage_Handler
                0x08001080        0x8 ./Core/Src/stm32l4xx_it.o
                0x08001080                MemManage_Handler
 .text.BusFault_Handler
                0x08001088        0x8 ./Core/Src/stm32l4xx_it.o
                0x08001088                BusFault_Handler
 .text.UsageFault_Handler
                0x08001090        0x8 ./Core/Src/stm32l4xx_it.o
                0x08001090                UsageFault_Handler
 .text.DebugMon_Handler
                0x08001098        0xe ./Core/Src/stm32l4xx_it.o
                0x08001098                DebugMon_Handler
 .text.SysTick_Handler
                0x080010a6       0x1a ./Core/Src/stm32l4xx_it.o
                0x080010a6                SysTick_Handler
 .text.DMA1_Channel3_IRQHandler
                0x080010c0       0x14 ./Core/Src/stm32l4xx_it.o
                0x080010c0                DMA1_Channel3_IRQHandler
 .text.DMA1_Channel7_IRQHandler
                0x080010d4       0x14 ./Core/Src/stm32l4xx_it.o
                0x080010d4                DMA1_Channel7_IRQHandler
 .text.SystemInit
                0x080010e8       0x24 ./Core/Src/system_stm32l4xx.o
                0x080010e8                SystemInit
 .text.Reset_Handler
                0x0800110c       0x50 ./Core/Startup/startup_stm32l476rgtx.o
                0x0800110c                Reset_Handler
 .text.Default_Handler
                0x0800115c        0x2 ./Core/Startup/startup_stm32l476rgtx.o
                0x0800115c                RTC_Alarm_IRQHandler
                0x0800115c                EXTI2_IRQHandler
                0x0800115c                TIM8_TRG_COM_IRQHandler
                0x0800115c                TIM8_CC_IRQHandler
                0x0800115c                TIM1_CC_IRQHandler
                0x0800115c                TSC_IRQHandler
                0x0800115c                TAMP_STAMP_IRQHandler
                0x0800115c                EXTI3_IRQHandler
                0x0800115c                LPTIM2_IRQHandler
                0x0800115c                DFSDM1_FLT1_IRQHandler
                0x0800115c                I2C3_ER_IRQHandler
                0x0800115c                DFSDM1_FLT2_IRQHandler
                0x0800115c                EXTI0_IRQHandler
                0x0800115c                I2C2_EV_IRQHandler
                0x0800115c                CAN1_RX0_IRQHandler
                0x0800115c                FPU_IRQHandler
                0x0800115c                TIM1_UP_TIM16_IRQHandler
                0x0800115c                ADC1_2_IRQHandler
                0x0800115c                SPI1_IRQHandler
                0x0800115c                TIM6_DAC_IRQHandler
                0x0800115c                TIM8_UP_IRQHandler
                0x0800115c                DMA2_Channel2_IRQHandler
                0x0800115c                DMA1_Channel4_IRQHandler
                0x0800115c                SAI2_IRQHandler
                0x0800115c                DFSDM1_FLT3_IRQHandler
                0x0800115c                USART3_IRQHandler
                0x0800115c                CAN1_RX1_IRQHandler
                0x0800115c                LCD_IRQHandler
                0x0800115c                UART5_IRQHandler
                0x0800115c                ADC3_IRQHandler
                0x0800115c                TIM4_IRQHandler
                0x0800115c                DMA2_Channel1_IRQHandler
                0x0800115c                QUADSPI_IRQHandler
                0x0800115c                I2C1_EV_IRQHandler
                0x0800115c                DMA1_Channel6_IRQHandler
                0x0800115c                UART4_IRQHandler
                0x0800115c                DMA2_Channel4_IRQHandler
                0x0800115c                TIM3_IRQHandler
                0x0800115c                RCC_IRQHandler
                0x0800115c                DMA1_Channel1_IRQHandler
                0x0800115c                Default_Handler
                0x0800115c                DMA2_Channel7_IRQHandler
                0x0800115c                EXTI15_10_IRQHandler
                0x0800115c                TIM7_IRQHandler
                0x0800115c                SDMMC1_IRQHandler
                0x0800115c                TIM5_IRQHandler
                0x0800115c                I2C3_EV_IRQHandler
                0x0800115c                EXTI9_5_IRQHandler
                0x0800115c                RTC_WKUP_IRQHandler
                0x0800115c                PVD_PVM_IRQHandler
                0x0800115c                SPI2_IRQHandler
                0x0800115c                CAN1_TX_IRQHandler
                0x0800115c                DMA2_Channel5_IRQHandler
                0x0800115c                DMA1_Channel5_IRQHandler
                0x0800115c                EXTI4_IRQHandler
                0x0800115c                RNG_IRQHandler
                0x0800115c                TIM1_TRG_COM_TIM17_IRQHandler
                0x0800115c                COMP_IRQHandler
                0x0800115c                WWDG_IRQHandler
                0x0800115c                LPUART1_IRQHandler
                0x0800115c                DMA2_Channel6_IRQHandler
                0x0800115c                TIM2_IRQHandler
                0x0800115c                EXTI1_IRQHandler
                0x0800115c                DFSDM1_FLT0_IRQHandler
                0x0800115c                I2C2_ER_IRQHandler
                0x0800115c                DMA1_Channel2_IRQHandler
                0x0800115c                TIM8_BRK_IRQHandler
                0x0800115c                CAN1_SCE_IRQHandler
                0x0800115c                FLASH_IRQHandler
                0x0800115c                USART1_IRQHandler
                0x0800115c                OTG_FS_IRQHandler
                0x0800115c                SPI3_IRQHandler
                0x0800115c                I2C1_ER_IRQHandler
                0x0800115c                FMC_IRQHandler
                0x0800115c                SWPMI1_IRQHandler
                0x0800115c                LPTIM1_IRQHandler
                0x0800115c                SAI1_IRQHandler
                0x0800115c                DMA2_Channel3_IRQHandler
                0x0800115c                TIM1_BRK_TIM15_IRQHandler
 *fill*         0x0800115e        0x2 
 .text.ENSI_UART_Init
                0x08001160      0x388 ./Drivers/ENSI/Src/ensi_uart.o
                0x08001160                ENSI_UART_Init
 .text.ENSI_UART_PutChar
                0x080014e8       0x30 ./Drivers/ENSI/Src/ensi_uart.o
                0x080014e8                ENSI_UART_PutChar
 .text.ENSI_UART_PutString
                0x08001518       0x2a ./Drivers/ENSI/Src/ensi_uart.o
                0x08001518                ENSI_UART_PutString
 .text.USART2_IRQHandler
                0x08001542        0xc ./Drivers/ENSI/Src/ensi_uart.o
                0x08001542                USART2_IRQHandler
 *fill*         0x0800154e        0x2 
 .text.ENSI_UART_IRQHandler
                0x08001550       0x74 ./Drivers/ENSI/Src/ensi_uart.o
 .text.HAL_Init
                0x080015c4       0x40 ./Drivers/STM32L4xx_HAL_Driver/Src/stm32l4xx_hal.o
                0x080015c4                HAL_Init
 .text.HAL_InitTick
                0x08001604       0x78 ./Drivers/STM32L4xx_HAL_Driver/Src/stm32l4xx_hal.o
                0x08001604                HAL_InitTick
 .text.HAL_IncTick
                0x0800167c       0x28 ./Drivers/STM32L4xx_HAL_Driver/Src/stm32l4xx_hal.o
                0x0800167c                HAL_IncTick
 .text.HAL_GetTick
                0x080016a4       0x18 ./Drivers/STM32L4xx_HAL_Driver/Src/stm32l4xx_hal.o
                0x080016a4                HAL_GetTick
 .text.HAL_Delay
                0x080016bc       0x48 ./Drivers/STM32L4xx_HAL_Driver/Src/stm32l4xx_hal.o
                0x080016bc                HAL_Delay
 .text.__NVIC_SetPriorityGrouping
                0x08001704       0x48 ./Drivers/STM32L4xx_HAL_Driver/Src/stm32l4xx_hal_cortex.o
 .text.__NVIC_GetPriorityGrouping
                0x0800174c       0x1c ./Drivers/STM32L4xx_HAL_Driver/Src/stm32l4xx_hal_cortex.o
 .text.__NVIC_EnableIRQ
                0x08001768       0x3c ./Drivers/STM32L4xx_HAL_Driver/Src/stm32l4xx_hal_cortex.o
 .text.__NVIC_SetPriority
                0x080017a4       0x54 ./Drivers/STM32L4xx_HAL_Driver/Src/stm32l4xx_hal_cortex.o
 .text.NVIC_EncodePriority
                0x080017f8       0x66 ./Drivers/STM32L4xx_HAL_Driver/Src/stm32l4xx_hal_cortex.o
 *fill*         0x0800185e        0x2 
 .text.SysTick_Config
                0x08001860       0x44 ./Drivers/STM32L4xx_HAL_Driver/Src/stm32l4xx_hal_cortex.o
 .text.HAL_NVIC_SetPriorityGrouping
                0x080018a4       0x16 ./Drivers/STM32L4xx_HAL_Driver/Src/stm32l4xx_hal_cortex.o
                0x080018a4                HAL_NVIC_SetPriorityGrouping
 .text.HAL_NVIC_SetPriority
                0x080018ba       0x38 ./Drivers/STM32L4xx_HAL_Driver/Src/stm32l4xx_hal_cortex.o
                0x080018ba                HAL_NVIC_SetPriority
 .text.HAL_NVIC_EnableIRQ
                0x080018f2       0x1c ./Drivers/STM32L4xx_HAL_Driver/Src/stm32l4xx_hal_cortex.o
                0x080018f2                HAL_NVIC_EnableIRQ
 .text.HAL_SYSTICK_Config
                0x0800190e       0x18 ./Drivers/STM32L4xx_HAL_Driver/Src/stm32l4xx_hal_cortex.o
                0x0800190e                HAL_SYSTICK_Config
 *fill*         0x08001926        0x2 
 .text.HAL_DMA_Init
                0x08001928      0x170 ./Drivers/STM32L4xx_HAL_Driver/Src/stm32l4xx_hal_dma.o
                0x08001928                HAL_DMA_Init
 .text.HAL_DMA_Start_IT
                0x08001a98       0xc0 ./Drivers/STM32L4xx_HAL_Driver/Src/stm32l4xx_hal_dma.o
                0x08001a98                HAL_DMA_Start_IT
 .text.HAL_DMA_Abort_IT
                0x08001b58       0x82 ./Drivers/STM32L4xx_HAL_Driver/Src/stm32l4xx_hal_dma.o
                0x08001b58                HAL_DMA_Abort_IT
 .text.HAL_DMA_IRQHandler
                0x08001bda      0x15e ./Drivers/STM32L4xx_HAL_Driver/Src/stm32l4xx_hal_dma.o
                0x08001bda                HAL_DMA_IRQHandler
 .text.DMA_SetConfig
                0x08001d38       0x60 ./Drivers/STM32L4xx_HAL_Driver/Src/stm32l4xx_hal_dma.o
 .text.HAL_GPIO_Init
                0x08001d98      0x354 ./Drivers/STM32L4xx_HAL_Driver/Src/stm32l4xx_hal_gpio.o
                0x08001d98                HAL_GPIO_Init
 .text.HAL_GPIO_WritePin
                0x080020ec       0x30 ./Drivers/STM32L4xx_HAL_Driver/Src/stm32l4xx_hal_gpio.o
                0x080020ec                HAL_GPIO_WritePin
 .text.HAL_PWREx_GetVoltageRange
                0x0800211c       0x1c ./Drivers/STM32L4xx_HAL_Driver/Src/stm32l4xx_hal_pwr_ex.o
                0x0800211c                HAL_PWREx_GetVoltageRange
 .text.HAL_PWREx_ControlVoltageScaling
                0x08002138       0xac ./Drivers/STM32L4xx_HAL_Driver/Src/stm32l4xx_hal_pwr_ex.o
                0x08002138                HAL_PWREx_ControlVoltageScaling
 .text.HAL_RCC_OscConfig
                0x080021e4      0x7b8 ./Drivers/STM32L4xx_HAL_Driver/Src/stm32l4xx_hal_rcc.o
                0x080021e4                HAL_RCC_OscConfig
 .text.HAL_RCC_ClockConfig
                0x0800299c      0x200 ./Drivers/STM32L4xx_HAL_Driver/Src/stm32l4xx_hal_rcc.o
                0x0800299c                HAL_RCC_ClockConfig
 .text.HAL_RCC_GetSysClockFreq
                0x08002b9c      0x118 ./Drivers/STM32L4xx_HAL_Driver/Src/stm32l4xx_hal_rcc.o
                0x08002b9c                HAL_RCC_GetSysClockFreq
 .text.HAL_RCC_GetHCLKFreq
                0x08002cb4       0x18 ./Drivers/STM32L4xx_HAL_Driver/Src/stm32l4xx_hal_rcc.o
                0x08002cb4                HAL_RCC_GetHCLKFreq
 .text.HAL_RCC_GetPCLK1Freq
                0x08002ccc       0x2c ./Drivers/STM32L4xx_HAL_Driver/Src/stm32l4xx_hal_rcc.o
                0x08002ccc                HAL_RCC_GetPCLK1Freq
 .text.RCC_SetFlashLatencyFromMSIRange
                0x08002cf8       0xc0 ./Drivers/STM32L4xx_HAL_Driver/Src/stm32l4xx_hal_rcc.o
 .text.HAL_SPI_Init
                0x08002db8      0x146 ./Drivers/STM32L4xx_HAL_Driver/Src/stm32l4xx_hal_spi.o
                0x08002db8                HAL_SPI_Init
 .text.HAL_TIM_Base_Init
                0x08002efe       0xae ./Drivers/STM32L4xx_HAL_Driver/Src/stm32l4xx_hal_tim.o
                0x08002efe                HAL_TIM_Base_Init
 .text.HAL_TIM_PWM_Init
                0x08002fac       0xae ./Drivers/STM32L4xx_HAL_Driver/Src/stm32l4xx_hal_tim.o
                0x08002fac                HAL_TIM_PWM_Init
 .text.HAL_TIM_PWM_MspInit
                0x0800305a       0x14 ./Drivers/STM32L4xx_HAL_Driver/Src/stm32l4xx_hal_tim.o
                0x0800305a                HAL_TIM_PWM_MspInit
 *fill*         0x0800306e        0x2 
 .text.HAL_TIM_PWM_Start_DMA
                0x08003070      0x440 ./Drivers/STM32L4xx_HAL_Driver/Src/stm32l4xx_hal_tim.o
                0x08003070                HAL_TIM_PWM_Start_DMA
 .text.HAL_TIM_PWM_Stop_DMA
                0x080034b0      0x1f0 ./Drivers/STM32L4xx_HAL_Driver/Src/stm32l4xx_hal_tim.o
                0x080034b0                HAL_TIM_PWM_Stop_DMA
 .text.HAL_TIM_PWM_ConfigChannel
                0x080036a0      0x228 ./Drivers/STM32L4xx_HAL_Driver/Src/stm32l4xx_hal_tim.o
                0x080036a0                HAL_TIM_PWM_ConfigChannel
 .text.HAL_TIM_ConfigClockSource
                0x080038c8      0x192 ./Drivers/STM32L4xx_HAL_Driver/Src/stm32l4xx_hal_tim.o
                0x080038c8                HAL_TIM_ConfigClockSource
 .text.HAL_TIM_PWM_PulseFinishedCallback
                0x08003a5a       0x14 ./Drivers/STM32L4xx_HAL_Driver/Src/stm32l4xx_hal_tim.o
                0x08003a5a                HAL_TIM_PWM_PulseFinishedCallback
 .text.HAL_TIM_PWM_PulseFinishedHalfCpltCallback
                0x08003a6e       0x14 ./Drivers/STM32L4xx_HAL_Driver/Src/stm32l4xx_hal_tim.o
                0x08003a6e                HAL_TIM_PWM_PulseFinishedHalfCpltCallback
 .text.HAL_TIM_ErrorCallback
                0x08003a82       0x14 ./Drivers/STM32L4xx_HAL_Driver/Src/stm32l4xx_hal_tim.o
                0x08003a82                HAL_TIM_ErrorCallback
 .text.TIM_DMAError
                0x08003a96       0x92 ./Drivers/STM32L4xx_HAL_Driver/Src/stm32l4xx_hal_tim.o
                0x08003a96                TIM_DMAError
 .text.TIM_DMADelayPulseCplt
                0x08003b28       0xa8 ./Drivers/STM32L4xx_HAL_Driver/Src/stm32l4xx_hal_tim.o
 .text.TIM_DMADelayPulseHalfCplt
                0x08003bd0       0x68 ./Drivers/STM32L4xx_HAL_Driver/Src/stm32l4xx_hal_tim.o
                0x08003bd0                TIM_DMADelayPulseHalfCplt
 .text.TIM_Base_SetConfig
                0x08003c38      0x14c ./Drivers/STM32L4xx_HAL_Driver/Src/stm32l4xx_hal_tim.o
                0x08003c38                TIM_Base_SetConfig
 .text.TIM_OC1_SetConfig
                0x08003d84      0x120 ./Drivers/STM32L4xx_HAL_Driver/Src/stm32l4xx_hal_tim.o
 .text.TIM_OC2_SetConfig
                0x08003ea4      0x114 ./Drivers/STM32L4xx_HAL_Driver/Src/stm32l4xx_hal_tim.o
                0x08003ea4                TIM_OC2_SetConfig
 .text.TIM_OC3_SetConfig
                0x08003fb8      0x110 ./Drivers/STM32L4xx_HAL_Driver/Src/stm32l4xx_hal_tim.o
 .text.TIM_OC4_SetConfig
                0x080040c8       0xd4 ./Drivers/STM32L4xx_HAL_Driver/Src/stm32l4xx_hal_tim.o
 .text.TIM_OC5_SetConfig
                0x0800419c       0xc8 ./Drivers/STM32L4xx_HAL_Driver/Src/stm32l4xx_hal_tim.o
 .text.TIM_OC6_SetConfig
                0x08004264       0xcc ./Drivers/STM32L4xx_HAL_Driver/Src/stm32l4xx_hal_tim.o
 .text.TIM_TI1_ConfigInputStage
                0x08004330       0x5e ./Drivers/STM32L4xx_HAL_Driver/Src/stm32l4xx_hal_tim.o
 .text.TIM_TI2_ConfigInputStage
                0x0800438e       0x60 ./Drivers/STM32L4xx_HAL_Driver/Src/stm32l4xx_hal_tim.o
 .text.TIM_ITRx_SetConfig
                0x080043ee       0x36 ./Drivers/STM32L4xx_HAL_Driver/Src/stm32l4xx_hal_tim.o
 .text.TIM_ETR_SetConfig
                0x08004424       0x40 ./Drivers/STM32L4xx_HAL_Driver/Src/stm32l4xx_hal_tim.o
                0x08004424                TIM_ETR_SetConfig
 .text.TIM_CCxChannelCmd
                0x08004464       0x4a ./Drivers/STM32L4xx_HAL_Driver/Src/stm32l4xx_hal_tim.o
                0x08004464                TIM_CCxChannelCmd
 *fill*         0x080044ae        0x2 
 .text.HAL_TIMEx_MasterConfigSynchronization
                0x080044b0      0x110 ./Drivers/STM32L4xx_HAL_Driver/Src/stm32l4xx_hal_tim_ex.o
                0x080044b0                HAL_TIMEx_MasterConfigSynchronization
 .text.HAL_TIMEx_ConfigBreakDeadTime
                0x080045c0       0xfc ./Drivers/STM32L4xx_HAL_Driver/Src/stm32l4xx_hal_tim_ex.o
                0x080045c0                HAL_TIMEx_ConfigBreakDeadTime
 .text.makeFreeRtosPriority
                0x080046bc       0x30 ./Middlewares/Third_Party/FreeRTOS/Source/CMSIS_RTOS/cmsis_os.o
 .text.osKernelStart
                0x080046ec        0xe ./Middlewares/Third_Party/FreeRTOS/Source/CMSIS_RTOS/cmsis_os.o
                0x080046ec                osKernelStart
 .text.osThreadCreate
                0x080046fa       0x98 ./Middlewares/Third_Party/FreeRTOS/Source/CMSIS_RTOS/cmsis_os.o
                0x080046fa                osThreadCreate
 .text.osDelay  0x08004792       0x28 ./Middlewares/Third_Party/FreeRTOS/Source/CMSIS_RTOS/cmsis_os.o
                0x08004792                osDelay
 .text.vListInitialise
                0x080047ba       0x40 ./Middlewares/Third_Party/FreeRTOS/Source/list.o
                0x080047ba                vListInitialise
 .text.vListInitialiseItem
                0x080047fa       0x1a ./Middlewares/Third_Party/FreeRTOS/Source/list.o
                0x080047fa                vListInitialiseItem
 .text.vListInsertEnd
                0x08004814       0x48 ./Middlewares/Third_Party/FreeRTOS/Source/list.o
                0x08004814                vListInsertEnd
 .text.vListInsert
                0x0800485c       0x72 ./Middlewares/Third_Party/FreeRTOS/Source/list.o
                0x0800485c                vListInsert
 .text.uxListRemove
                0x080048ce       0x54 ./Middlewares/Third_Party/FreeRTOS/Source/list.o
                0x080048ce                uxListRemove
 .text.xTaskCreateStatic
                0x08004922       0xc0 ./Middlewares/Third_Party/FreeRTOS/Source/tasks.o
                0x08004922                xTaskCreateStatic
 .text.xTaskCreate
                0x080049e2       0x8a ./Middlewares/Third_Party/FreeRTOS/Source/tasks.o
                0x080049e2                xTaskCreate
 .text.prvInitialiseNewTask
                0x08004a6c      0x104 ./Middlewares/Third_Party/FreeRTOS/Source/tasks.o
 .text.prvAddNewTaskToReadyList
                0x08004b70       0xd4 ./Middlewares/Third_Party/FreeRTOS/Source/tasks.o
 .text.vTaskDelay
                0x08004c44       0x6c ./Middlewares/Third_Party/FreeRTOS/Source/tasks.o
                0x08004c44                vTaskDelay
 .text.vTaskStartScheduler
                0x08004cb0       0xc4 ./Middlewares/Third_Party/FreeRTOS/Source/tasks.o
                0x08004cb0                vTaskStartScheduler
 .text.vTaskSuspendAll
                0x08004d74       0x1c ./Middlewares/Third_Party/FreeRTOS/Source/tasks.o
                0x08004d74                vTaskSuspendAll
 .text.xTaskResumeAll
                0x08004d90      0x13c ./Middlewares/Third_Party/FreeRTOS/Source/tasks.o
                0x08004d90                xTaskResumeAll
 .text.xTaskIncrementTick
                0x08004ecc      0x174 ./Middlewares/Third_Party/FreeRTOS/Source/tasks.o
                0x08004ecc                xTaskIncrementTick
 .text.vTaskSwitchContext
                0x08005040       0xb8 ./Middlewares/Third_Party/FreeRTOS/Source/tasks.o
                0x08005040                vTaskSwitchContext
 .text.prvIdleTask
                0x080050f8        0xe ./Middlewares/Third_Party/FreeRTOS/Source/tasks.o
 *fill*         0x08005106        0x2 
 .text.prvInitialiseTaskLists
                0x08005108       0x80 ./Middlewares/Third_Party/FreeRTOS/Source/tasks.o
 .text.prvCheckTasksWaitingTermination
                0x08005188       0x5c ./Middlewares/Third_Party/FreeRTOS/Source/tasks.o
 .text.prvDeleteTCB
                0x080051e4       0x60 ./Middlewares/Third_Party/FreeRTOS/Source/tasks.o
 .text.prvResetNextTaskUnblockTime
                0x08005244       0x40 ./Middlewares/Third_Party/FreeRTOS/Source/tasks.o
 .text.xTaskGetSchedulerState
                0x08005284       0x3c ./Middlewares/Third_Party/FreeRTOS/Source/tasks.o
                0x08005284                xTaskGetSchedulerState
 .text.prvAddCurrentTaskToDelayedList
                0x080052c0       0xcc ./Middlewares/Third_Party/FreeRTOS/Source/tasks.o
 .text.pxPortInitialiseStack
                0x0800538c       0x68 ./Middlewares/Third_Party/FreeRTOS/Source/portable/GCC/ARM_CM4F/port.o
                0x0800538c                pxPortInitialiseStack
 .text.prvTaskExitError
                0x080053f4       0x5c ./Middlewares/Third_Party/FreeRTOS/Source/portable/GCC/ARM_CM4F/port.o
 .text.SVC_Handler
                0x08005450       0x28 ./Middlewares/Third_Party/FreeRTOS/Source/portable/GCC/ARM_CM4F/port.o
                0x08005450                SVC_Handler
 .text.prvPortStartFirstTask
                0x08005478       0x28 ./Middlewares/Third_Party/FreeRTOS/Source/portable/GCC/ARM_CM4F/port.o
 .text.xPortStartScheduler
                0x080054a0      0x148 ./Middlewares/Third_Party/FreeRTOS/Source/portable/GCC/ARM_CM4F/port.o
                0x080054a0                xPortStartScheduler
 .text.vPortEnterCritical
                0x080055e8       0x64 ./Middlewares/Third_Party/FreeRTOS/Source/portable/GCC/ARM_CM4F/port.o
                0x080055e8                vPortEnterCritical
 .text.vPortExitCritical
                0x0800564c       0x54 ./Middlewares/Third_Party/FreeRTOS/Source/portable/GCC/ARM_CM4F/port.o
                0x0800564c                vPortExitCritical
 .text.PendSV_Handler
                0x080056a0       0x68 ./Middlewares/Third_Party/FreeRTOS/Source/portable/GCC/ARM_CM4F/port.o
                0x080056a0                PendSV_Handler
 .text.xPortSysTickHandler
                0x08005708       0x44 ./Middlewares/Third_Party/FreeRTOS/Source/portable/GCC/ARM_CM4F/port.o
                0x08005708                xPortSysTickHandler
 .text.vPortSetupTimerInterrupt
                0x0800574c       0x48 ./Middlewares/Third_Party/FreeRTOS/Source/portable/GCC/ARM_CM4F/port.o
                0x0800574c                vPortSetupTimerInterrupt
 .text.vPortEnableVFP
                0x08005794       0x14 ./Middlewares/Third_Party/FreeRTOS/Source/portable/GCC/ARM_CM4F/port.o
 .text.pvPortMalloc
                0x080057a8      0x19c ./Middlewares/Third_Party/FreeRTOS/Source/portable/MemMang/heap_4.o
                0x080057a8                pvPortMalloc
 .text.vPortFree
                0x08005944       0xc8 ./Middlewares/Third_Party/FreeRTOS/Source/portable/MemMang/heap_4.o
                0x08005944                vPortFree
 .text.prvHeapInit
                0x08005a0c       0xc4 ./Middlewares/Third_Party/FreeRTOS/Source/portable/MemMang/heap_4.o
 .text.prvInsertBlockIntoFreeList
                0x08005ad0       0xb4 ./Middlewares/Third_Party/FreeRTOS/Source/portable/MemMang/heap_4.o
 .text.memset   0x08005b84       0x10 E:/STM32IDE/STM32CubeIDE_1.18.1/STM32CubeIDE/plugins/com.st.stm32cube.ide.mcu.externaltools.gnu-tools-for-stm32.13.3.rel1.win32_1.0.0.202411081344/tools/bin/../lib/gcc/arm-none-eabi/13.3.1/../../../../arm-none-eabi/lib/thumb/v7e-m+fp/hard\libc_nano.a(libc_a-memset.o)
                0x08005b84                memset
 .text.__libc_init_array
                0x08005b94       0x48 E:/STM32IDE/STM32CubeIDE_1.18.1/STM32CubeIDE/plugins/com.st.stm32cube.ide.mcu.externaltools.gnu-tools-for-stm32.13.3.rel1.win32_1.0.0.202411081344/tools/bin/../lib/gcc/arm-none-eabi/13.3.1/../../../../arm-none-eabi/lib/thumb/v7e-m+fp/hard\libc_nano.a(libc_a-init.o)
                0x08005b94                __libc_init_array
 *(.glue_7)
 .glue_7        0x08005bdc        0x0 linker stubs
 *(.glue_7t)
 .glue_7t       0x08005bdc        0x0 linker stubs
 *(.eh_frame)
 .eh_frame      0x08005bdc        0x0 E:/STM32IDE/STM32CubeIDE_1.18.1/STM32CubeIDE/plugins/com.st.stm32cube.ide.mcu.externaltools.gnu-tools-for-stm32.13.3.rel1.win32_1.0.0.202411081344/tools/bin/../lib/gcc/arm-none-eabi/13.3.1/thumb/v7e-m+fp/hard/crtbegin.o
 *(.init)
 .init          0x08005bdc        0x4 E:/STM32IDE/STM32CubeIDE_1.18.1/STM32CubeIDE/plugins/com.st.stm32cube.ide.mcu.externaltools.gnu-tools-for-stm32.13.3.rel1.win32_1.0.0.202411081344/tools/bin/../lib/gcc/arm-none-eabi/13.3.1/thumb/v7e-m+fp/hard/crti.o
                0x08005bdc                _init
 .init          0x08005be0        0x8 E:/STM32IDE/STM32CubeIDE_1.18.1/STM32CubeIDE/plugins/com.st.stm32cube.ide.mcu.externaltools.gnu-tools-for-stm32.13.3.rel1.win32_1.0.0.202411081344/tools/bin/../lib/gcc/arm-none-eabi/13.3.1/thumb/v7e-m+fp/hard/crtn.o
 *(.fini)
 .fini          0x08005be8        0x4 E:/STM32IDE/STM32CubeIDE_1.18.1/STM32CubeIDE/plugins/com.st.stm32cube.ide.mcu.externaltools.gnu-tools-for-stm32.13.3.rel1.win32_1.0.0.202411081344/tools/bin/../lib/gcc/arm-none-eabi/13.3.1/thumb/v7e-m+fp/hard/crti.o
                0x08005be8                _fini
 .fini          0x08005bec        0x8 E:/STM32IDE/STM32CubeIDE_1.18.1/STM32CubeIDE/plugins/com.st.stm32cube.ide.mcu.externaltools.gnu-tools-for-stm32.13.3.rel1.win32_1.0.0.202411081344/tools/bin/../lib/gcc/arm-none-eabi/13.3.1/thumb/v7e-m+fp/hard/crtn.o
                0x08005bf4                        . = ALIGN (0x4)
                0x08005bf4                        _etext = .

.vfp11_veneer   0x08005bf4        0x0
 .vfp11_veneer  0x08005bf4        0x0 linker stubs

.v4_bx          0x08005bf4        0x0
 .v4_bx         0x08005bf4        0x0 linker stubs

.iplt           0x08005bf4        0x0
 .iplt          0x08005bf4        0x0 E:/STM32IDE/STM32CubeIDE_1.18.1/STM32CubeIDE/plugins/com.st.stm32cube.ide.mcu.externaltools.gnu-tools-for-stm32.13.3.rel1.win32_1.0.0.202411081344/tools/bin/../lib/gcc/arm-none-eabi/13.3.1/thumb/v7e-m+fp/hard/crtbegin.o

.rodata         0x08005bf4       0xac
                0x08005bf4                        . = ALIGN (0x4)
 *(.rodata)
 .rodata        0x08005bf4       0x1f ./Core/Src/freertos.o
 *fill*         0x08005c13        0x1 
 .rodata        0x08005c14       0x3c ./Core/Src/main.o
 .rodata        0x08005c50        0x5 ./Middlewares/Third_Party/FreeRTOS/Source/tasks.o
 *(.rodata*)
 *fill*         0x08005c55        0x3 
 .rodata.AHBPrescTable
                0x08005c58       0x10 ./Core/Src/system_stm32l4xx.o
                0x08005c58                AHBPrescTable
 .rodata.APBPrescTable
                0x08005c68        0x8 ./Core/Src/system_stm32l4xx.o
                0x08005c68                APBPrescTable
 .rodata.MSIRangeTable
                0x08005c70       0x30 ./Core/Src/system_stm32l4xx.o
                0x08005c70                MSIRangeTable
                0x08005ca0                        . = ALIGN (0x4)

.ARM.extab      0x08005ca0        0x0
                0x08005ca0                        . = ALIGN (0x4)
 *(.ARM.extab* .gnu.linkonce.armextab.*)
                0x08005ca0                        . = ALIGN (0x4)

.ARM            0x08005ca0        0x8
                0x08005ca0                        . = ALIGN (0x4)
                0x08005ca0                        __exidx_start = .
 *(.ARM.exidx*)
 .ARM.exidx     0x08005ca0        0x8 E:/STM32IDE/STM32CubeIDE_1.18.1/STM32CubeIDE/plugins/com.st.stm32cube.ide.mcu.externaltools.gnu-tools-for-stm32.13.3.rel1.win32_1.0.0.202411081344/tools/bin/../lib/gcc/arm-none-eabi/13.3.1/thumb/v7e-m+fp/hard\libgcc.a(_udivmoddi4.o)
                0x08005ca8                        __exidx_end = .
                0x08005ca8                        . = ALIGN (0x4)

.preinit_array  0x08005ca8        0x0
                0x08005ca8                        . = ALIGN (0x4)
                0x08005ca8                        PROVIDE (__preinit_array_start = .)
 *(.preinit_array*)
                0x08005ca8                        PROVIDE (__preinit_array_end = .)
                0x08005ca8                        . = ALIGN (0x4)

.init_array     0x08005ca8        0x4
                0x08005ca8                        . = ALIGN (0x4)
                0x08005ca8                        PROVIDE (__init_array_start = .)
 *(SORT_BY_NAME(.init_array.*))
 *(.init_array*)
 .init_array    0x08005ca8        0x4 E:/STM32IDE/STM32CubeIDE_1.18.1/STM32CubeIDE/plugins/com.st.stm32cube.ide.mcu.externaltools.gnu-tools-for-stm32.13.3.rel1.win32_1.0.0.202411081344/tools/bin/../lib/gcc/arm-none-eabi/13.3.1/thumb/v7e-m+fp/hard/crtbegin.o
                0x08005cac                        PROVIDE (__init_array_end = .)
                0x08005cac                        . = ALIGN (0x4)

.fini_array     0x08005cac        0x4
                0x08005cac                        . = ALIGN (0x4)
                [!provide]                        PROVIDE (__fini_array_start = .)
 *(SORT_BY_NAME(.fini_array.*))
 *(.fini_array*)
 .fini_array    0x08005cac        0x4 E:/STM32IDE/STM32CubeIDE_1.18.1/STM32CubeIDE/plugins/com.st.stm32cube.ide.mcu.externaltools.gnu-tools-for-stm32.13.3.rel1.win32_1.0.0.202411081344/tools/bin/../lib/gcc/arm-none-eabi/13.3.1/thumb/v7e-m+fp/hard/crtbegin.o
                [!provide]                        PROVIDE (__fini_array_end = .)
                0x08005cb0                        . = ALIGN (0x4)
                0x08005cb0                        _sidata = LOADADDR (.data)

.rel.dyn        0x08005cb0        0x0
 .rel.iplt      0x08005cb0        0x0 E:/STM32IDE/STM32CubeIDE_1.18.1/STM32CubeIDE/plugins/com.st.stm32cube.ide.mcu.externaltools.gnu-tools-for-stm32.13.3.rel1.win32_1.0.0.202411081344/tools/bin/../lib/gcc/arm-none-eabi/13.3.1/thumb/v7e-m+fp/hard/crtbegin.o

.data           0x20000000       0x10 load address 0x08005cb0
                0x20000000                        . = ALIGN (0x4)
                0x20000000                        _sdata = .
 *(.data)
 *(.data*)
 .data.SystemCoreClock
                0x20000000        0x4 ./Core/Src/system_stm32l4xx.o
                0x20000000                SystemCoreClock
 .data.uwTickPrio
                0x20000004        0x4 ./Drivers/STM32L4xx_HAL_Driver/Src/stm32l4xx_hal.o
                0x20000004                uwTickPrio
 .data.uwTickFreq
                0x20000008        0x1 ./Drivers/STM32L4xx_HAL_Driver/Src/stm32l4xx_hal.o
                0x20000008                uwTickFreq
 *fill*         0x20000009        0x3 
 .data.uxCriticalNesting
                0x2000000c        0x4 ./Middlewares/Third_Party/FreeRTOS/Source/portable/GCC/ARM_CM4F/port.o
 *(.RamFunc)
 *(.RamFunc*)
                0x20000010                        . = ALIGN (0x4)
                0x20000010                        _edata = .

.igot.plt       0x20000010        0x0 load address 0x08005cc0
 .igot.plt      0x20000010        0x0 E:/STM32IDE/STM32CubeIDE_1.18.1/STM32CubeIDE/plugins/com.st.stm32cube.ide.mcu.externaltools.gnu-tools-for-stm32.13.3.rel1.win32_1.0.0.202411081344/tools/bin/../lib/gcc/arm-none-eabi/13.3.1/thumb/v7e-m+fp/hard/crtbegin.o
                0x20000010                        . = ALIGN (0x4)

.bss            0x20000010     0x16d0 load address 0x08005cc0
                0x20000010                        _sbss = .
                0x20000010                        __bss_start__ = _sbss
 *(.bss)
 .bss           0x20000010       0x1c E:/STM32IDE/STM32CubeIDE_1.18.1/STM32CubeIDE/plugins/com.st.stm32cube.ide.mcu.externaltools.gnu-tools-for-stm32.13.3.rel1.win32_1.0.0.202411081344/tools/bin/../lib/gcc/arm-none-eabi/13.3.1/thumb/v7e-m+fp/hard/crtbegin.o
 *(.bss*)
 .bss.led_buffer
                0x2000002c      0x248 ./Core/Src/freertos.o
 .bss.RGB_buffer
                0x20000274       0x18 ./Core/Src/freertos.o
 .bss.circle_led_buffer
                0x2000028c      0x288 ./Core/Src/freertos.o
 .bss.circle_RGBW_buffer
                0x20000514       0x1c ./Core/Src/freertos.o
 .bss.xIdleTaskTCBBuffer
                0x20000530       0x4c ./Core/Src/freertos.o
 .bss.xIdleStack
                0x2000057c      0x200 ./Core/Src/freertos.o
 .bss.hspi3     0x2000077c       0x64 ./Core/Src/main.o
                0x2000077c                hspi3
 .bss.htim1     0x200007e0       0x4c ./Core/Src/main.o
                0x200007e0                htim1
 .bss.hdma_tim1_ch3
                0x2000082c       0x48 ./Core/Src/main.o
                0x2000082c                hdma_tim1_ch3
 .bss.hdma_tim1_ch2
                0x20000874       0x48 ./Core/Src/main.o
                0x20000874                hdma_tim1_ch2
 .bss.defaultTaskHandle
                0x200008bc        0x4 ./Core/Src/main.o
                0x200008bc                defaultTaskHandle
 .bss.uartRxCircularBuffer
                0x200008c0      0x110 ./Drivers/ENSI/Src/ensi_uart.o
 .bss.uwTick    0x200009d0        0x4 ./Drivers/STM32L4xx_HAL_Driver/Src/stm32l4xx_hal.o
                0x200009d0                uwTick
 .bss.pxCurrentTCB
                0x200009d4        0x4 ./Middlewares/Third_Party/FreeRTOS/Source/tasks.o
                0x200009d4                pxCurrentTCB
 .bss.pxReadyTasksLists
                0x200009d8       0x8c ./Middlewares/Third_Party/FreeRTOS/Source/tasks.o
 .bss.xDelayedTaskList1
                0x20000a64       0x14 ./Middlewares/Third_Party/FreeRTOS/Source/tasks.o
 .bss.xDelayedTaskList2
                0x20000a78       0x14 ./Middlewares/Third_Party/FreeRTOS/Source/tasks.o
 .bss.pxDelayedTaskList
                0x20000a8c        0x4 ./Middlewares/Third_Party/FreeRTOS/Source/tasks.o
 .bss.pxOverflowDelayedTaskList
                0x20000a90        0x4 ./Middlewares/Third_Party/FreeRTOS/Source/tasks.o
 .bss.xPendingReadyList
                0x20000a94       0x14 ./Middlewares/Third_Party/FreeRTOS/Source/tasks.o
 .bss.xTasksWaitingTermination
                0x20000aa8       0x14 ./Middlewares/Third_Party/FreeRTOS/Source/tasks.o
 .bss.uxDeletedTasksWaitingCleanUp
                0x20000abc        0x4 ./Middlewares/Third_Party/FreeRTOS/Source/tasks.o
 .bss.xSuspendedTaskList
                0x20000ac0       0x14 ./Middlewares/Third_Party/FreeRTOS/Source/tasks.o
 .bss.uxCurrentNumberOfTasks
                0x20000ad4        0x4 ./Middlewares/Third_Party/FreeRTOS/Source/tasks.o
 .bss.xTickCount
                0x20000ad8        0x4 ./Middlewares/Third_Party/FreeRTOS/Source/tasks.o
 .bss.uxTopReadyPriority
                0x20000adc        0x4 ./Middlewares/Third_Party/FreeRTOS/Source/tasks.o
 .bss.xSchedulerRunning
                0x20000ae0        0x4 ./Middlewares/Third_Party/FreeRTOS/Source/tasks.o
 .bss.xPendedTicks
                0x20000ae4        0x4 ./Middlewares/Third_Party/FreeRTOS/Source/tasks.o
 .bss.xYieldPending
                0x20000ae8        0x4 ./Middlewares/Third_Party/FreeRTOS/Source/tasks.o
 .bss.xNumOfOverflows
                0x20000aec        0x4 ./Middlewares/Third_Party/FreeRTOS/Source/tasks.o
 .bss.uxTaskNumber
                0x20000af0        0x4 ./Middlewares/Third_Party/FreeRTOS/Source/tasks.o
 .bss.xNextTaskUnblockTime
                0x20000af4        0x4 ./Middlewares/Third_Party/FreeRTOS/Source/tasks.o
 .bss.xIdleTaskHandle
                0x20000af8        0x4 ./Middlewares/Third_Party/FreeRTOS/Source/tasks.o
 .bss.uxSchedulerSuspended
                0x20000afc        0x4 ./Middlewares/Third_Party/FreeRTOS/Source/tasks.o
 .bss.ucMaxSysCallPriority
                0x20000b00        0x1 ./Middlewares/Third_Party/FreeRTOS/Source/portable/GCC/ARM_CM4F/port.o
 *fill*         0x20000b01        0x3 
 .bss.ulMaxPRIGROUPValue
                0x20000b04        0x4 ./Middlewares/Third_Party/FreeRTOS/Source/portable/GCC/ARM_CM4F/port.o
 .bss.ucHeap    0x20000b08      0xbb8 ./Middlewares/Third_Party/FreeRTOS/Source/portable/MemMang/heap_4.o
 .bss.xStart    0x200016c0        0x8 ./Middlewares/Third_Party/FreeRTOS/Source/portable/MemMang/heap_4.o
 .bss.pxEnd     0x200016c8        0x4 ./Middlewares/Third_Party/FreeRTOS/Source/portable/MemMang/heap_4.o
 .bss.xFreeBytesRemaining
                0x200016cc        0x4 ./Middlewares/Third_Party/FreeRTOS/Source/portable/MemMang/heap_4.o
 .bss.xMinimumEverFreeBytesRemaining
                0x200016d0        0x4 ./Middlewares/Third_Party/FreeRTOS/Source/portable/MemMang/heap_4.o
 .bss.xNumberOfSuccessfulAllocations
                0x200016d4        0x4 ./Middlewares/Third_Party/FreeRTOS/Source/portable/MemMang/heap_4.o
 .bss.xNumberOfSuccessfulFrees
                0x200016d8        0x4 ./Middlewares/Third_Party/FreeRTOS/Source/portable/MemMang/heap_4.o
 .bss.xBlockAllocatedBit
                0x200016dc        0x4 ./Middlewares/Third_Party/FreeRTOS/Source/portable/MemMang/heap_4.o
 *(COMMON)
                0x200016e0                        . = ALIGN (0x4)
                0x200016e0                        _ebss = .
                0x200016e0                        __bss_end__ = _ebss

._user_heap_stack
                0x200016e0      0x600 load address 0x08005cc0
                0x200016e0                        . = ALIGN (0x8)
                [!provide]                        PROVIDE (end = .)
                0x200016e0                        PROVIDE (_end = .)
                0x200018e0                        . = (. + _Min_Heap_Size)
 *fill*         0x200016e0      0x200 
                0x20001ce0                        . = (. + _Min_Stack_Size)
 *fill*         0x200018e0      0x400 
                0x20001ce0                        . = ALIGN (0x8)

/DISCARD/
 libc.a(*)
 libm.a(*)
 libgcc.a(*)

.ARM.attributes
                0x00000000       0x30
 *(.ARM.attributes)
 .ARM.attributes
                0x00000000       0x22 E:/STM32IDE/STM32CubeIDE_1.18.1/STM32CubeIDE/plugins/com.st.stm32cube.ide.mcu.externaltools.gnu-tools-for-stm32.13.3.rel1.win32_1.0.0.202411081344/tools/bin/../lib/gcc/arm-none-eabi/13.3.1/thumb/v7e-m+fp/hard/crti.o
 .ARM.attributes
                0x00000022       0x34 E:/STM32IDE/STM32CubeIDE_1.18.1/STM32CubeIDE/plugins/com.st.stm32cube.ide.mcu.externaltools.gnu-tools-for-stm32.13.3.rel1.win32_1.0.0.202411081344/tools/bin/../lib/gcc/arm-none-eabi/13.3.1/thumb/v7e-m+fp/hard/crtbegin.o
 .ARM.attributes
                0x00000056       0x34 ./Core/Src/freertos.o
 .ARM.attributes
                0x0000008a       0x34 ./Core/Src/main.o
 .ARM.attributes
                0x000000be       0x34 ./Core/Src/stm32l4xx_hal_msp.o
 .ARM.attributes
                0x000000f2       0x34 ./Core/Src/stm32l4xx_it.o
 .ARM.attributes
                0x00000126       0x34 ./Core/Src/system_stm32l4xx.o
 .ARM.attributes
                0x0000015a       0x21 ./Core/Startup/startup_stm32l476rgtx.o
 .ARM.attributes
                0x0000017b       0x34 ./Drivers/ENSI/Src/ensi_uart.o
 .ARM.attributes
                0x000001af       0x34 ./Drivers/STM32L4xx_HAL_Driver/Src/stm32l4xx_hal.o
 .ARM.attributes
                0x000001e3       0x34 ./Drivers/STM32L4xx_HAL_Driver/Src/stm32l4xx_hal_cortex.o
 .ARM.attributes
                0x00000217       0x34 ./Drivers/STM32L4xx_HAL_Driver/Src/stm32l4xx_hal_dma.o
 .ARM.attributes
                0x0000024b       0x34 ./Drivers/STM32L4xx_HAL_Driver/Src/stm32l4xx_hal_gpio.o
 .ARM.attributes
                0x0000027f       0x34 ./Drivers/STM32L4xx_HAL_Driver/Src/stm32l4xx_hal_pwr_ex.o
 .ARM.attributes
                0x000002b3       0x34 ./Drivers/STM32L4xx_HAL_Driver/Src/stm32l4xx_hal_rcc.o
 .ARM.attributes
                0x000002e7       0x34 ./Drivers/STM32L4xx_HAL_Driver/Src/stm32l4xx_hal_spi.o
 .ARM.attributes
                0x0000031b       0x34 ./Drivers/STM32L4xx_HAL_Driver/Src/stm32l4xx_hal_tim.o
 .ARM.attributes
                0x0000034f       0x34 ./Drivers/STM32L4xx_HAL_Driver/Src/stm32l4xx_hal_tim_ex.o
 .ARM.attributes
                0x00000383       0x34 ./Middlewares/Third_Party/FreeRTOS/Source/CMSIS_RTOS/cmsis_os.o
 .ARM.attributes
                0x000003b7       0x34 ./Middlewares/Third_Party/FreeRTOS/Source/list.o
 .ARM.attributes
                0x000003eb       0x34 ./Middlewares/Third_Party/FreeRTOS/Source/tasks.o
 .ARM.attributes
                0x0000041f       0x34 ./Middlewares/Third_Party/FreeRTOS/Source/portable/GCC/ARM_CM4F/port.o
 .ARM.attributes
                0x00000453       0x34 ./Middlewares/Third_Party/FreeRTOS/Source/portable/MemMang/heap_4.o
 .ARM.attributes
                0x00000487       0x34 E:/STM32IDE/STM32CubeIDE_1.18.1/STM32CubeIDE/plugins/com.st.stm32cube.ide.mcu.externaltools.gnu-tools-for-stm32.13.3.rel1.win32_1.0.0.202411081344/tools/bin/../lib/gcc/arm-none-eabi/13.3.1/../../../../arm-none-eabi/lib/thumb/v7e-m+fp/hard\libc_nano.a(libc_a-memset.o)
 .ARM.attributes
                0x000004bb       0x34 E:/STM32IDE/STM32CubeIDE_1.18.1/STM32CubeIDE/plugins/com.st.stm32cube.ide.mcu.externaltools.gnu-tools-for-stm32.13.3.rel1.win32_1.0.0.202411081344/tools/bin/../lib/gcc/arm-none-eabi/13.3.1/../../../../arm-none-eabi/lib/thumb/v7e-m+fp/hard\libc_nano.a(libc_a-init.o)
 .ARM.attributes
                0x000004ef       0x22 E:/STM32IDE/STM32CubeIDE_1.18.1/STM32CubeIDE/plugins/com.st.stm32cube.ide.mcu.externaltools.gnu-tools-for-stm32.13.3.rel1.win32_1.0.0.202411081344/tools/bin/../lib/gcc/arm-none-eabi/13.3.1/thumb/v7e-m+fp/hard\libgcc.a(_aeabi_uldivmod.o)
 .ARM.attributes
                0x00000511       0x34 E:/STM32IDE/STM32CubeIDE_1.18.1/STM32CubeIDE/plugins/com.st.stm32cube.ide.mcu.externaltools.gnu-tools-for-stm32.13.3.rel1.win32_1.0.0.202411081344/tools/bin/../lib/gcc/arm-none-eabi/13.3.1/thumb/v7e-m+fp/hard\libgcc.a(_udivmoddi4.o)
 .ARM.attributes
                0x00000545       0x22 E:/STM32IDE/STM32CubeIDE_1.18.1/STM32CubeIDE/plugins/com.st.stm32cube.ide.mcu.externaltools.gnu-tools-for-stm32.13.3.rel1.win32_1.0.0.202411081344/tools/bin/../lib/gcc/arm-none-eabi/13.3.1/thumb/v7e-m+fp/hard\libgcc.a(_dvmd_tls.o)
 .ARM.attributes
                0x00000567       0x22 E:/STM32IDE/STM32CubeIDE_1.18.1/STM32CubeIDE/plugins/com.st.stm32cube.ide.mcu.externaltools.gnu-tools-for-stm32.13.3.rel1.win32_1.0.0.202411081344/tools/bin/../lib/gcc/arm-none-eabi/13.3.1/thumb/v7e-m+fp/hard/crtn.o
OUTPUT(VroomVroom.elf elf32-littlearm)
LOAD linker stubs
LOAD E:/STM32IDE/STM32CubeIDE_1.18.1/STM32CubeIDE/plugins/com.st.stm32cube.ide.mcu.externaltools.gnu-tools-for-stm32.13.3.rel1.win32_1.0.0.202411081344/tools/bin/../lib/gcc/arm-none-eabi/13.3.1/../../../../arm-none-eabi/lib/thumb/v7e-m+fp/hard\libc.a
LOAD E:/STM32IDE/STM32CubeIDE_1.18.1/STM32CubeIDE/plugins/com.st.stm32cube.ide.mcu.externaltools.gnu-tools-for-stm32.13.3.rel1.win32_1.0.0.202411081344/tools/bin/../lib/gcc/arm-none-eabi/13.3.1/../../../../arm-none-eabi/lib/thumb/v7e-m+fp/hard\libm.a
LOAD E:/STM32IDE/STM32CubeIDE_1.18.1/STM32CubeIDE/plugins/com.st.stm32cube.ide.mcu.externaltools.gnu-tools-for-stm32.13.3.rel1.win32_1.0.0.202411081344/tools/bin/../lib/gcc/arm-none-eabi/13.3.1/thumb/v7e-m+fp/hard\libgcc.a

.debug_info     0x00000000    0x11fb0
 .debug_info    0x00000000      0xd3f ./Core/Src/freertos.o
 .debug_info    0x00000d3f     0x1928 ./Core/Src/main.o
 .debug_info    0x00002667     0x10b4 ./Core/Src/stm32l4xx_hal_msp.o
 .debug_info    0x0000371b      0x38a ./Core/Src/stm32l4xx_it.o
 .debug_info    0x00003aa5      0x5b1 ./Core/Src/system_stm32l4xx.o
 .debug_info    0x00004056       0x30 ./Core/Startup/startup_stm32l476rgtx.o
 .debug_info    0x00004086      0x904 ./Drivers/ENSI/Src/ensi_uart.o
 .debug_info    0x0000498a      0xc09 ./Drivers/STM32L4xx_HAL_Driver/Src/stm32l4xx_hal.o
 .debug_info    0x00005593      0xd81 ./Drivers/STM32L4xx_HAL_Driver/Src/stm32l4xx_hal_cortex.o
 .debug_info    0x00006314      0x6f4 ./Drivers/STM32L4xx_HAL_Driver/Src/stm32l4xx_hal_dma.o
 .debug_info    0x00006a08      0x757 ./Drivers/STM32L4xx_HAL_Driver/Src/stm32l4xx_hal_gpio.o
 .debug_info    0x0000715f      0x99e ./Drivers/STM32L4xx_HAL_Driver/Src/stm32l4xx_hal_pwr_ex.o
 .debug_info    0x00007afd      0xc14 ./Drivers/STM32L4xx_HAL_Driver/Src/stm32l4xx_hal_rcc.o
 .debug_info    0x00008711     0x1549 ./Drivers/STM32L4xx_HAL_Driver/Src/stm32l4xx_hal_spi.o
 .debug_info    0x00009c5a     0x2a9a ./Drivers/STM32L4xx_HAL_Driver/Src/stm32l4xx_hal_tim.o
 .debug_info    0x0000c6f4     0x169e ./Drivers/STM32L4xx_HAL_Driver/Src/stm32l4xx_hal_tim_ex.o
 .debug_info    0x0000dd92     0x1b00 ./Middlewares/Third_Party/FreeRTOS/Source/CMSIS_RTOS/cmsis_os.o
 .debug_info    0x0000f892      0x2af ./Middlewares/Third_Party/FreeRTOS/Source/list.o
 .debug_info    0x0000fb41     0x1abc ./Middlewares/Third_Party/FreeRTOS/Source/tasks.o
 .debug_info    0x000115fd      0x4de ./Middlewares/Third_Party/FreeRTOS/Source/portable/GCC/ARM_CM4F/port.o
 .debug_info    0x00011adb      0x4d5 ./Middlewares/Third_Party/FreeRTOS/Source/portable/MemMang/heap_4.o

.debug_abbrev   0x00000000     0x2e5d
 .debug_abbrev  0x00000000      0x27f ./Core/Src/freertos.o
 .debug_abbrev  0x0000027f      0x325 ./Core/Src/main.o
 .debug_abbrev  0x000005a4      0x208 ./Core/Src/stm32l4xx_hal_msp.o
 .debug_abbrev  0x000007ac      0x198 ./Core/Src/stm32l4xx_it.o
 .debug_abbrev  0x00000944      0x11a ./Core/Src/system_stm32l4xx.o
 .debug_abbrev  0x00000a5e       0x24 ./Core/Startup/startup_stm32l476rgtx.o
 .debug_abbrev  0x00000a82      0x215 ./Drivers/ENSI/Src/ensi_uart.o
 .debug_abbrev  0x00000c97      0x243 ./Drivers/STM32L4xx_HAL_Driver/Src/stm32l4xx_hal.o
 .debug_abbrev  0x00000eda      0x31c ./Drivers/STM32L4xx_HAL_Driver/Src/stm32l4xx_hal_cortex.o
 .debug_abbrev  0x000011f6      0x1e4 ./Drivers/STM32L4xx_HAL_Driver/Src/stm32l4xx_hal_dma.o
 .debug_abbrev  0x000013da      0x1cb ./Drivers/STM32L4xx_HAL_Driver/Src/stm32l4xx_hal_gpio.o
 .debug_abbrev  0x000015a5      0x1f9 ./Drivers/STM32L4xx_HAL_Driver/Src/stm32l4xx_hal_pwr_ex.o
 .debug_abbrev  0x0000179e      0x2cb ./Drivers/STM32L4xx_HAL_Driver/Src/stm32l4xx_hal_rcc.o
 .debug_abbrev  0x00001a69      0x260 ./Drivers/STM32L4xx_HAL_Driver/Src/stm32l4xx_hal_spi.o
 .debug_abbrev  0x00001cc9      0x278 ./Drivers/STM32L4xx_HAL_Driver/Src/stm32l4xx_hal_tim.o
 .debug_abbrev  0x00001f41      0x283 ./Drivers/STM32L4xx_HAL_Driver/Src/stm32l4xx_hal_tim_ex.o
 .debug_abbrev  0x000021c4      0x3d3 ./Middlewares/Third_Party/FreeRTOS/Source/CMSIS_RTOS/cmsis_os.o
 .debug_abbrev  0x00002597       0xf5 ./Middlewares/Third_Party/FreeRTOS/Source/list.o
 .debug_abbrev  0x0000268c      0x358 ./Middlewares/Third_Party/FreeRTOS/Source/tasks.o
 .debug_abbrev  0x000029e4      0x25c ./Middlewares/Third_Party/FreeRTOS/Source/portable/GCC/ARM_CM4F/port.o
 .debug_abbrev  0x00002c40      0x21d ./Middlewares/Third_Party/FreeRTOS/Source/portable/MemMang/heap_4.o

.debug_aranges  0x00000000     0x12f8
 .debug_aranges
                0x00000000       0x80 ./Core/Src/freertos.o
 .debug_aranges
                0x00000080       0x58 ./Core/Src/main.o
 .debug_aranges
                0x000000d8       0x48 ./Core/Src/stm32l4xx_hal_msp.o
 .debug_aranges
                0x00000120       0x60 ./Core/Src/stm32l4xx_it.o
 .debug_aranges
                0x00000180       0x28 ./Core/Src/system_stm32l4xx.o
 .debug_aranges
                0x000001a8       0x28 ./Core/Startup/startup_stm32l476rgtx.o
 .debug_aranges
                0x000001d0       0x50 ./Drivers/ENSI/Src/ensi_uart.o
 .debug_aranges
                0x00000220      0x130 ./Drivers/STM32L4xx_HAL_Driver/Src/stm32l4xx_hal.o
 .debug_aranges
                0x00000350      0x128 ./Drivers/STM32L4xx_HAL_Driver/Src/stm32l4xx_hal_cortex.o
 .debug_aranges
                0x00000478       0x80 ./Drivers/STM32L4xx_HAL_Driver/Src/stm32l4xx_hal_dma.o
 .debug_aranges
                0x000004f8       0x58 ./Drivers/STM32L4xx_HAL_Driver/Src/stm32l4xx_hal_gpio.o
 .debug_aranges
                0x00000550      0x160 ./Drivers/STM32L4xx_HAL_Driver/Src/stm32l4xx_hal_pwr_ex.o
 .debug_aranges
                0x000006b0       0x90 ./Drivers/STM32L4xx_HAL_Driver/Src/stm32l4xx_hal_rcc.o
 .debug_aranges
                0x00000740      0x1d8 ./Drivers/STM32L4xx_HAL_Driver/Src/stm32l4xx_hal_spi.o
 .debug_aranges
                0x00000918      0x3e0 ./Drivers/STM32L4xx_HAL_Driver/Src/stm32l4xx_hal_tim.o
 .debug_aranges
                0x00000cf8      0x180 ./Drivers/STM32L4xx_HAL_Driver/Src/stm32l4xx_hal_tim_ex.o
 .debug_aranges
                0x00000e78      0x1d8 ./Middlewares/Third_Party/FreeRTOS/Source/CMSIS_RTOS/cmsis_os.o
 .debug_aranges
                0x00001050       0x40 ./Middlewares/Third_Party/FreeRTOS/Source/list.o
 .debug_aranges
                0x00001090      0x190 ./Middlewares/Third_Party/FreeRTOS/Source/tasks.o
 .debug_aranges
                0x00001220       0x80 ./Middlewares/Third_Party/FreeRTOS/Source/portable/GCC/ARM_CM4F/port.o
 .debug_aranges
                0x000012a0       0x58 ./Middlewares/Third_Party/FreeRTOS/Source/portable/MemMang/heap_4.o

.debug_rnglists
                0x00000000      0xe9c
 .debug_rnglists
                0x00000000       0x5e ./Core/Src/freertos.o
 .debug_rnglists
                0x0000005e       0x40 ./Core/Src/main.o
 .debug_rnglists
                0x0000009e       0x33 ./Core/Src/stm32l4xx_hal_msp.o
 .debug_rnglists
                0x000000d1       0x43 ./Core/Src/stm32l4xx_it.o
 .debug_rnglists
                0x00000114       0x1a ./Core/Src/system_stm32l4xx.o
 .debug_rnglists
                0x0000012e       0x19 ./Core/Startup/startup_stm32l476rgtx.o
 .debug_rnglists
                0x00000147       0x38 ./Drivers/ENSI/Src/ensi_uart.o
 .debug_rnglists
                0x0000017f       0xdf ./Drivers/STM32L4xx_HAL_Driver/Src/stm32l4xx_hal.o
 .debug_rnglists
                0x0000025e       0xda ./Drivers/STM32L4xx_HAL_Driver/Src/stm32l4xx_hal_cortex.o
 .debug_rnglists
                0x00000338       0x64 ./Drivers/STM32L4xx_HAL_Driver/Src/stm32l4xx_hal_dma.o
 .debug_rnglists
                0x0000039c       0x3f ./Drivers/STM32L4xx_HAL_Driver/Src/stm32l4xx_hal_gpio.o
 .debug_rnglists
                0x000003db      0x109 ./Drivers/STM32L4xx_HAL_Driver/Src/stm32l4xx_hal_pwr_ex.o
 .debug_rnglists
                0x000004e4       0x6d ./Drivers/STM32L4xx_HAL_Driver/Src/stm32l4xx_hal_rcc.o
 .debug_rnglists
                0x00000551      0x178 ./Drivers/STM32L4xx_HAL_Driver/Src/stm32l4xx_hal_spi.o
 .debug_rnglists
                0x000006c9      0x328 ./Drivers/STM32L4xx_HAL_Driver/Src/stm32l4xx_hal_tim.o
 .debug_rnglists
                0x000009f1      0x139 ./Drivers/STM32L4xx_HAL_Driver/Src/stm32l4xx_hal_tim_ex.o
 .debug_rnglists
                0x00000b2a      0x16a ./Middlewares/Third_Party/FreeRTOS/Source/CMSIS_RTOS/cmsis_os.o
 .debug_rnglists
                0x00000c94       0x2b ./Middlewares/Third_Party/FreeRTOS/Source/list.o
 .debug_rnglists
                0x00000cbf      0x13e ./Middlewares/Third_Party/FreeRTOS/Source/tasks.o
 .debug_rnglists
                0x00000dfd       0x5d ./Middlewares/Third_Party/FreeRTOS/Source/portable/GCC/ARM_CM4F/port.o
 .debug_rnglists
                0x00000e5a       0x42 ./Middlewares/Third_Party/FreeRTOS/Source/portable/MemMang/heap_4.o

.debug_macro    0x00000000    0x27fcd
 .debug_macro   0x00000000      0x30f ./Core/Src/freertos.o
 .debug_macro   0x0000030f      0xad8 ./Core/Src/freertos.o
 .debug_macro   0x00000de7      0x190 ./Core/Src/freertos.o
 .debug_macro   0x00000f77       0x22 ./Core/Src/freertos.o
 .debug_macro   0x00000f99       0x8e ./Core/Src/freertos.o
 .debug_macro   0x00001027       0x51 ./Core/Src/freertos.o
 .debug_macro   0x00001078      0x103 ./Core/Src/freertos.o
 .debug_macro   0x0000117b       0x6a ./Core/Src/freertos.o
 .debug_macro   0x000011e5      0x1df ./Core/Src/freertos.o
 .debug_macro   0x000013c4       0xea ./Core/Src/freertos.o
 .debug_macro   0x000014ae      0x15a ./Core/Src/freertos.o
 .debug_macro   0x00001608       0xde ./Core/Src/freertos.o
 .debug_macro   0x000016e6       0x1c ./Core/Src/freertos.o
 .debug_macro   0x00001702       0x26 ./Core/Src/freertos.o
 .debug_macro   0x00001728      0x44e ./Core/Src/freertos.o
 .debug_macro   0x00001b76       0xb5 ./Core/Src/freertos.o
 .debug_macro   0x00001c2b       0xaa ./Core/Src/freertos.o
 .debug_macro   0x00001cd5      0x1a7 ./Core/Src/freertos.o
 .debug_macro   0x00001e7c       0x2e ./Core/Src/freertos.o
 .debug_macro   0x00001eaa       0x28 ./Core/Src/freertos.o
 .debug_macro   0x00001ed2       0x1c ./Core/Src/freertos.o
 .debug_macro   0x00001eee       0x22 ./Core/Src/freertos.o
 .debug_macro   0x00001f10       0xfb ./Core/Src/freertos.o
 .debug_macro   0x0000200b     0x1011 ./Core/Src/freertos.o
 .debug_macro   0x0000301c      0x11f ./Core/Src/freertos.o
 .debug_macro   0x0000313b    0x1a17a ./Core/Src/freertos.o
 .debug_macro   0x0001d2b5       0x6d ./Core/Src/freertos.o
 .debug_macro   0x0001d322     0x38fb ./Core/Src/freertos.o
 .debug_macro   0x00020c1d       0x5c ./Core/Src/freertos.o
 .debug_macro   0x00020c79     0x159e ./Core/Src/freertos.o
 .debug_macro   0x00022217      0x5a5 ./Core/Src/freertos.o
 .debug_macro   0x000227bc      0x1b9 ./Core/Src/freertos.o
 .debug_macro   0x00022975      0x18b ./Core/Src/freertos.o
 .debug_macro   0x00022b00      0x26b ./Core/Src/freertos.o
 .debug_macro   0x00022d6b      0x23d ./Core/Src/freertos.o
 .debug_macro   0x00022fa8      0x241 ./Core/Src/freertos.o
 .debug_macro   0x000231e9      0x37c ./Core/Src/freertos.o
 .debug_macro   0x00023565       0xd6 ./Core/Src/freertos.o
 .debug_macro   0x0002363b      0x122 ./Core/Src/freertos.o
 .debug_macro   0x0002375d      0x3ef ./Core/Src/freertos.o
 .debug_macro   0x00023b4c      0x2fe ./Core/Src/freertos.o
 .debug_macro   0x00023e4a      0xa98 ./Core/Src/freertos.o
 .debug_macro   0x000248e2      0x1e6 ./Core/Src/freertos.o
 .debug_macro   0x00024ac8      0x330 ./Core/Src/freertos.o
 .debug_macro   0x00024df8       0xa0 ./Core/Src/freertos.o
 .debug_macro   0x00024e98       0x16 ./Core/Src/freertos.o
 .debug_macro   0x00024eae       0x61 ./Core/Src/freertos.o
 .debug_macro   0x00024f0f       0x2a ./Core/Src/freertos.o
 .debug_macro   0x00024f39       0x43 ./Core/Src/freertos.o
 .debug_macro   0x00024f7c       0x34 ./Core/Src/freertos.o
 .debug_macro   0x00024fb0      0x370 ./Core/Src/freertos.o
 .debug_macro   0x00025320       0x16 ./Core/Src/freertos.o
 .debug_macro   0x00025336       0x4a ./Core/Src/freertos.o
 .debug_macro   0x00025380       0x34 ./Core/Src/freertos.o
 .debug_macro   0x000253b4       0x10 ./Core/Src/freertos.o
 .debug_macro   0x000253c4       0x58 ./Core/Src/freertos.o
 .debug_macro   0x0002541c       0x8e ./Core/Src/freertos.o
 .debug_macro   0x000254aa       0x1c ./Core/Src/freertos.o
 .debug_macro   0x000254c6      0x185 ./Core/Src/freertos.o
 .debug_macro   0x0002564b       0x10 ./Core/Src/freertos.o
 .debug_macro   0x0002565b       0x3c ./Core/Src/freertos.o
 .debug_macro   0x00025697       0x20 ./Core/Src/freertos.o
 .debug_macro   0x000256b7      0x28c ./Core/Src/main.o
 .debug_macro   0x00025943       0xea ./Core/Src/main.o
 .debug_macro   0x00025a2d       0x91 ./Core/Src/main.o
 .debug_macro   0x00025abe       0x8d ./Core/Src/main.o
 .debug_macro   0x00025b4b       0x7e ./Core/Src/main.o
 .debug_macro   0x00025bc9       0x19 ./Core/Src/main.o
 .debug_macro   0x00025be2       0xf2 ./Core/Src/main.o
 .debug_macro   0x00025cd4      0x1d0 ./Core/Src/stm32l4xx_hal_msp.o
 .debug_macro   0x00025ea4      0x242 ./Core/Src/stm32l4xx_it.o
 .debug_macro   0x000260e6      0x1c1 ./Core/Src/system_stm32l4xx.o
 .debug_macro   0x000262a7      0x24e ./Drivers/ENSI/Src/ensi_uart.o
 .debug_macro   0x000264f5       0x10 ./Drivers/ENSI/Src/ensi_uart.o
 .debug_macro   0x00026505      0x20f ./Drivers/STM32L4xx_HAL_Driver/Src/stm32l4xx_hal.o
 .debug_macro   0x00026714      0x1c1 ./Drivers/STM32L4xx_HAL_Driver/Src/stm32l4xx_hal_cortex.o
 .debug_macro   0x000268d5      0x1c1 ./Drivers/STM32L4xx_HAL_Driver/Src/stm32l4xx_hal_dma.o
 .debug_macro   0x00026a96      0x1c8 ./Drivers/STM32L4xx_HAL_Driver/Src/stm32l4xx_hal_gpio.o
 .debug_macro   0x00026c5e      0x1e5 ./Drivers/STM32L4xx_HAL_Driver/Src/stm32l4xx_hal_pwr_ex.o
 .debug_macro   0x00026e43      0x203 ./Drivers/STM32L4xx_HAL_Driver/Src/stm32l4xx_hal_rcc.o
 .debug_macro   0x00027046      0x1c9 ./Drivers/STM32L4xx_HAL_Driver/Src/stm32l4xx_hal_spi.o
 .debug_macro   0x0002720f      0x1c2 ./Drivers/STM32L4xx_HAL_Driver/Src/stm32l4xx_hal_tim.o
 .debug_macro   0x000273d1      0x1c1 ./Drivers/STM32L4xx_HAL_Driver/Src/stm32l4xx_hal_tim_ex.o
 .debug_macro   0x00027592      0x1fe ./Middlewares/Third_Party/FreeRTOS/Source/CMSIS_RTOS/cmsis_os.o
 .debug_macro   0x00027790       0xe9 ./Middlewares/Third_Party/FreeRTOS/Source/CMSIS_RTOS/cmsis_os.o
 .debug_macro   0x00027879      0x187 ./Middlewares/Third_Party/FreeRTOS/Source/list.o
 .debug_macro   0x00027a00      0x279 ./Middlewares/Third_Party/FreeRTOS/Source/tasks.o
 .debug_macro   0x00027c79       0x10 ./Middlewares/Third_Party/FreeRTOS/Source/tasks.o
 .debug_macro   0x00027c89      0x196 ./Middlewares/Third_Party/FreeRTOS/Source/portable/GCC/ARM_CM4F/port.o
 .debug_macro   0x00027e1f      0x1ae ./Middlewares/Third_Party/FreeRTOS/Source/portable/MemMang/heap_4.o

.debug_line     0x00000000    0x148e9
 .debug_line    0x00000000      0xd1a ./Core/Src/freertos.o
 .debug_line    0x00000d1a      0xb55 ./Core/Src/main.o
 .debug_line    0x0000186f      0x866 ./Core/Src/stm32l4xx_hal_msp.o
 .debug_line    0x000020d5      0x926 ./Core/Src/stm32l4xx_it.o
 .debug_line    0x000029fb      0x7fb ./Core/Src/system_stm32l4xx.o
 .debug_line    0x000031f6       0x7a ./Core/Startup/startup_stm32l476rgtx.o
 .debug_line    0x00003270      0x93c ./Drivers/ENSI/Src/ensi_uart.o
 .debug_line    0x00003bac      0xb64 ./Drivers/STM32L4xx_HAL_Driver/Src/stm32l4xx_hal.o
 .debug_line    0x00004710      0xcfe ./Drivers/STM32L4xx_HAL_Driver/Src/stm32l4xx_hal_cortex.o
 .debug_line    0x0000540e      0xd3d ./Drivers/STM32L4xx_HAL_Driver/Src/stm32l4xx_hal_dma.o
 .debug_line    0x0000614b      0xbb7 ./Drivers/STM32L4xx_HAL_Driver/Src/stm32l4xx_hal_gpio.o
 .debug_line    0x00006d02      0xd45 ./Drivers/STM32L4xx_HAL_Driver/Src/stm32l4xx_hal_pwr_ex.o
 .debug_line    0x00007a47     0x10b8 ./Drivers/STM32L4xx_HAL_Driver/Src/stm32l4xx_hal_rcc.o
 .debug_line    0x00008aff     0x2043 ./Drivers/STM32L4xx_HAL_Driver/Src/stm32l4xx_hal_spi.o
 .debug_line    0x0000ab42     0x3e4f ./Drivers/STM32L4xx_HAL_Driver/Src/stm32l4xx_hal_tim.o
 .debug_line    0x0000e991     0x1ba0 ./Drivers/STM32L4xx_HAL_Driver/Src/stm32l4xx_hal_tim_ex.o
 .debug_line    0x00010531     0x1317 ./Middlewares/Third_Party/FreeRTOS/Source/CMSIS_RTOS/cmsis_os.o
 .debug_line    0x00011848      0x7aa ./Middlewares/Third_Party/FreeRTOS/Source/list.o
 .debug_line    0x00011ff2     0x170d ./Middlewares/Third_Party/FreeRTOS/Source/tasks.o
 .debug_line    0x000136ff      0x829 ./Middlewares/Third_Party/FreeRTOS/Source/portable/GCC/ARM_CM4F/port.o
 .debug_line    0x00013f28      0x9c1 ./Middlewares/Third_Party/FreeRTOS/Source/portable/MemMang/heap_4.o

.debug_str      0x00000000    0xf7789
 .debug_str     0x00000000    0xf7789 ./Core/Src/freertos.o
                              0xeedb9 (size before relaxing)
 .debug_str     0x000f7789    0xeebd2 ./Core/Src/main.o
 .debug_str     0x000f7789    0xe87b2 ./Core/Src/stm32l4xx_hal_msp.o
 .debug_str     0x000f7789    0xeb674 ./Core/Src/stm32l4xx_it.o
 .debug_str     0x000f7789    0xe7898 ./Core/Src/system_stm32l4xx.o
 .debug_str     0x000f7789       0x6b ./Core/Startup/startup_stm32l476rgtx.o
 .debug_str     0x000f7789    0xe82bf ./Drivers/ENSI/Src/ensi_uart.o
 .debug_str     0x000f7789    0xe8497 ./Drivers/STM32L4xx_HAL_Driver/Src/stm32l4xx_hal.o
 .debug_str     0x000f7789    0xe8111 ./Drivers/STM32L4xx_HAL_Driver/Src/stm32l4xx_hal_cortex.o
 .debug_str     0x000f7789    0xe7b02 ./Drivers/STM32L4xx_HAL_Driver/Src/stm32l4xx_hal_dma.o
 .debug_str     0x000f7789    0xe7a11 ./Drivers/STM32L4xx_HAL_Driver/Src/stm32l4xx_hal_gpio.o
 .debug_str     0x000f7789    0xe7df3 ./Drivers/STM32L4xx_HAL_Driver/Src/stm32l4xx_hal_pwr_ex.o
 .debug_str     0x000f7789    0xe7ede ./Drivers/STM32L4xx_HAL_Driver/Src/stm32l4xx_hal_rcc.o
 .debug_str     0x000f7789    0xe80b3 ./Drivers/STM32L4xx_HAL_Driver/Src/stm32l4xx_hal_spi.o
 .debug_str     0x000f7789    0xe8bd8 ./Drivers/STM32L4xx_HAL_Driver/Src/stm32l4xx_hal_tim.o
 .debug_str     0x000f7789    0xe84ec ./Drivers/STM32L4xx_HAL_Driver/Src/stm32l4xx_hal_tim_ex.o
 .debug_str     0x000f7789     0xe65a ./Middlewares/Third_Party/FreeRTOS/Source/CMSIS_RTOS/cmsis_os.o
 .debug_str     0x000f7789     0xa8e5 ./Middlewares/Third_Party/FreeRTOS/Source/list.o
 .debug_str     0x000f7789     0xcb41 ./Middlewares/Third_Party/FreeRTOS/Source/tasks.o
 .debug_str     0x000f7789     0x848b ./Middlewares/Third_Party/FreeRTOS/Source/portable/GCC/ARM_CM4F/port.o
 .debug_str     0x000f7789     0xb227 ./Middlewares/Third_Party/FreeRTOS/Source/portable/MemMang/heap_4.o

.comment        0x00000000       0x43
 .comment       0x00000000       0x43 ./Core/Src/freertos.o
                                 0x44 (size before relaxing)
 .comment       0x00000043       0x44 ./Core/Src/main.o
 .comment       0x00000043       0x44 ./Core/Src/stm32l4xx_hal_msp.o
 .comment       0x00000043       0x44 ./Core/Src/stm32l4xx_it.o
 .comment       0x00000043       0x44 ./Core/Src/system_stm32l4xx.o
 .comment       0x00000043       0x44 ./Drivers/ENSI/Src/ensi_uart.o
 .comment       0x00000043       0x44 ./Drivers/STM32L4xx_HAL_Driver/Src/stm32l4xx_hal.o
 .comment       0x00000043       0x44 ./Drivers/STM32L4xx_HAL_Driver/Src/stm32l4xx_hal_cortex.o
 .comment       0x00000043       0x44 ./Drivers/STM32L4xx_HAL_Driver/Src/stm32l4xx_hal_dma.o
 .comment       0x00000043       0x44 ./Drivers/STM32L4xx_HAL_Driver/Src/stm32l4xx_hal_gpio.o
 .comment       0x00000043       0x44 ./Drivers/STM32L4xx_HAL_Driver/Src/stm32l4xx_hal_pwr_ex.o
 .comment       0x00000043       0x44 ./Drivers/STM32L4xx_HAL_Driver/Src/stm32l4xx_hal_rcc.o
 .comment       0x00000043       0x44 ./Drivers/STM32L4xx_HAL_Driver/Src/stm32l4xx_hal_spi.o
 .comment       0x00000043       0x44 ./Drivers/STM32L4xx_HAL_Driver/Src/stm32l4xx_hal_tim.o
 .comment       0x00000043       0x44 ./Drivers/STM32L4xx_HAL_Driver/Src/stm32l4xx_hal_tim_ex.o
 .comment       0x00000043       0x44 ./Middlewares/Third_Party/FreeRTOS/Source/CMSIS_RTOS/cmsis_os.o
 .comment       0x00000043       0x44 ./Middlewares/Third_Party/FreeRTOS/Source/list.o
 .comment       0x00000043       0x44 ./Middlewares/Third_Party/FreeRTOS/Source/tasks.o
 .comment       0x00000043       0x44 ./Middlewares/Third_Party/FreeRTOS/Source/portable/GCC/ARM_CM4F/port.o
 .comment       0x00000043       0x44 ./Middlewares/Third_Party/FreeRTOS/Source/portable/MemMang/heap_4.o

.debug_frame    0x00000000     0x4f20
 .debug_frame   0x00000000      0x1e0 ./Core/Src/freertos.o
 .debug_frame   0x000001e0      0x118 ./Core/Src/main.o
 .debug_frame   0x000002f8       0xe8 ./Core/Src/stm32l4xx_hal_msp.o
 .debug_frame   0x000003e0       0xfc ./Core/Src/stm32l4xx_it.o
 .debug_frame   0x000004dc       0x58 ./Core/Src/system_stm32l4xx.o
 .debug_frame   0x00000534      0x11c ./Drivers/ENSI/Src/ensi_uart.o
 .debug_frame   0x00000650      0x498 ./Drivers/STM32L4xx_HAL_Driver/Src/stm32l4xx_hal.o
 .debug_frame   0x00000ae8      0x4e8 ./Drivers/STM32L4xx_HAL_Driver/Src/stm32l4xx_hal_cortex.o
 .debug_frame   0x00000fd0      0x204 ./Drivers/STM32L4xx_HAL_Driver/Src/stm32l4xx_hal_dma.o
 .debug_frame   0x000011d4      0x14c ./Drivers/STM32L4xx_HAL_Driver/Src/stm32l4xx_hal_gpio.o
 .debug_frame   0x00001320      0x584 ./Drivers/STM32L4xx_HAL_Driver/Src/stm32l4xx_hal_pwr_ex.o
 .debug_frame   0x000018a4      0x21c ./Drivers/STM32L4xx_HAL_Driver/Src/stm32l4xx_hal_rcc.o
 .debug_frame   0x00001ac0      0x860 ./Drivers/STM32L4xx_HAL_Driver/Src/stm32l4xx_hal_spi.o
 .debug_frame   0x00002320     0x121c ./Drivers/STM32L4xx_HAL_Driver/Src/stm32l4xx_hal_tim.o
 .debug_frame   0x0000353c      0x6b0 ./Drivers/STM32L4xx_HAL_Driver/Src/stm32l4xx_hal_tim_ex.o
 .debug_frame   0x00003bec      0x814 ./Middlewares/Third_Party/FreeRTOS/Source/CMSIS_RTOS/cmsis_os.o
 .debug_frame   0x00004400       0xd8 ./Middlewares/Third_Party/FreeRTOS/Source/list.o
 .debug_frame   0x000044d8      0x6c8 ./Middlewares/Third_Party/FreeRTOS/Source/tasks.o
 .debug_frame   0x00004ba0      0x1a8 ./Middlewares/Third_Party/FreeRTOS/Source/portable/GCC/ARM_CM4F/port.o
 .debug_frame   0x00004d48      0x12c ./Middlewares/Third_Party/FreeRTOS/Source/portable/MemMang/heap_4.o
 .debug_frame   0x00004e74       0x20 E:/STM32IDE/STM32CubeIDE_1.18.1/STM32CubeIDE/plugins/com.st.stm32cube.ide.mcu.externaltools.gnu-tools-for-stm32.13.3.rel1.win32_1.0.0.202411081344/tools/bin/../lib/gcc/arm-none-eabi/13.3.1/../../../../arm-none-eabi/lib/thumb/v7e-m+fp/hard\libc_nano.a(libc_a-memset.o)
 .debug_frame   0x00004e94       0x2c E:/STM32IDE/STM32CubeIDE_1.18.1/STM32CubeIDE/plugins/com.st.stm32cube.ide.mcu.externaltools.gnu-tools-for-stm32.13.3.rel1.win32_1.0.0.202411081344/tools/bin/../lib/gcc/arm-none-eabi/13.3.1/../../../../arm-none-eabi/lib/thumb/v7e-m+fp/hard\libc_nano.a(libc_a-init.o)
 .debug_frame   0x00004ec0       0x2c E:/STM32IDE/STM32CubeIDE_1.18.1/STM32CubeIDE/plugins/com.st.stm32cube.ide.mcu.externaltools.gnu-tools-for-stm32.13.3.rel1.win32_1.0.0.202411081344/tools/bin/../lib/gcc/arm-none-eabi/13.3.1/thumb/v7e-m+fp/hard\libgcc.a(_aeabi_uldivmod.o)
 .debug_frame   0x00004eec       0x34 E:/STM32IDE/STM32CubeIDE_1.18.1/STM32CubeIDE/plugins/com.st.stm32cube.ide.mcu.externaltools.gnu-tools-for-stm32.13.3.rel1.win32_1.0.0.202411081344/tools/bin/../lib/gcc/arm-none-eabi/13.3.1/thumb/v7e-m+fp/hard\libgcc.a(_udivmoddi4.o)

.debug_line_str
                0x00000000       0x4f
 .debug_line_str
                0x00000000       0x4f ./Core/Startup/startup_stm32l476rgtx.o
