../Core/Src/freertos.c:83:13:byte_to_pwm	24	static
../Core/Src/freertos.c:90:6:np_set_pixel	16	static
../Core/Src/freertos.c:97:6:np_set_all_leds	24	static
../Core/Src/freertos.c:103:6:np_clear	8	static
../Core/Src/freertos.c:108:6:np_show	24	static
../Core/Src/freertos.c:135:6:np_set_pixel_circle	16	static
../Core/Src/freertos.c:144:6:np_set_all_leds_circle	40	static
../Core/Src/freertos.c:151:6:np_clear_circle	8	static
../Core/Src/freertos.c:156:6:np_show_circle	24	static
../Core/Src/freertos.c:189:6:vApplicationGetIdleTaskMemory	24	static
../Core/Src/freertos.c:206:6:app_init	16	static
../Core/Src/freertos.c:213:6:LED_ON	32	static
../Core/Src/freertos.c:241:6:CircleLED_ON	16	static
